Component: ARM Compiler 5.06 update 1 (build 61) Tool: armlink [4d35a8]

==============================================================================

Section Cross References

    startup_stm32f103xe.o(STACK) refers (Special) to heapauxi.o(.text) for __use_two_region_memory
    startup_stm32f103xe.o(HEAP) refers (Special) to heapauxi.o(.text) for __use_two_region_memory
    startup_stm32f103xe.o(RESET) refers (Special) to heapauxi.o(.text) for __use_two_region_memory
    startup_stm32f103xe.o(RESET) refers to startup_stm32f103xe.o(STACK) for __initial_sp
    startup_stm32f103xe.o(RESET) refers to startup_stm32f103xe.o(.text) for Reset_Handler
    startup_stm32f103xe.o(RESET) refers to stm32f1xx_it.o(i.NMI_Handler) for NMI_Handler
    startup_stm32f103xe.o(RESET) refers to stm32f1xx_it.o(i.HardFault_Handler) for HardFault_Handler
    startup_stm32f103xe.o(RESET) refers to stm32f1xx_it.o(i.MemManage_Handler) for MemManage_Handler
    startup_stm32f103xe.o(RESET) refers to stm32f1xx_it.o(i.BusFault_Handler) for BusFault_Handler
    startup_stm32f103xe.o(RESET) refers to stm32f1xx_it.o(i.UsageFault_Handler) for UsageFault_Handler
    startup_stm32f103xe.o(RESET) refers to stm32f1xx_it.o(i.SVC_Handler) for SVC_Handler
    startup_stm32f103xe.o(RESET) refers to stm32f1xx_it.o(i.DebugMon_Handler) for DebugMon_Handler
    startup_stm32f103xe.o(RESET) refers to stm32f1xx_it.o(i.PendSV_Handler) for PendSV_Handler
    startup_stm32f103xe.o(RESET) refers to stm32f1xx_it.o(i.SysTick_Handler) for SysTick_Handler
    startup_stm32f103xe.o(RESET) refers to stm32f1xx_it.o(i.DMA1_Channel4_IRQHandler) for DMA1_Channel4_IRQHandler
    startup_stm32f103xe.o(RESET) refers to stm32f1xx_it.o(i.DMA1_Channel5_IRQHandler) for DMA1_Channel5_IRQHandler
    startup_stm32f103xe.o(RESET) refers to stm32f1xx_it.o(i.USART1_IRQHandler) for USART1_IRQHandler
    startup_stm32f103xe.o(RESET) refers to stm32f1xx_it.o(i.USART2_IRQHandler) for USART2_IRQHandler
    startup_stm32f103xe.o(RESET) refers to stm32f1xx_it.o(i.TIM6_IRQHandler) for TIM6_IRQHandler
    startup_stm32f103xe.o(.text) refers (Special) to heapauxi.o(.text) for __use_two_region_memory
    startup_stm32f103xe.o(.text) refers to system_stm32f1xx.o(i.SystemInit) for SystemInit
    startup_stm32f103xe.o(.text) refers to __main.o(!!!main) for __main
    startup_stm32f103xe.o(.text) refers to startup_stm32f103xe.o(HEAP) for Heap_Mem
    startup_stm32f103xe.o(.text) refers to startup_stm32f103xe.o(STACK) for Stack_Mem
    main.o(i.HAL_UARTEx_RxEventCallback) refers to _printf_percent.o(.ARM.Collect$$_printf_percent$$00000000) for _printf_percent
    main.o(i.HAL_UARTEx_RxEventCallback) refers to _printf_d.o(.ARM.Collect$$_printf_percent$$00000009) for _printf_d
    main.o(i.HAL_UARTEx_RxEventCallback) refers to _printf_dec.o(.text) for _printf_int_dec
    main.o(i.HAL_UARTEx_RxEventCallback) refers to stm32f1xx_hal_uart.o(i.HAL_UART_Transmit_IT) for HAL_UART_Transmit_IT
    main.o(i.HAL_UARTEx_RxEventCallback) refers to strtok.o(.text) for strtok
    main.o(i.HAL_UARTEx_RxEventCallback) refers to strcmpv7m.o(.text) for strcmp
    main.o(i.HAL_UARTEx_RxEventCallback) refers to atoi.o(.text) for atoi
    main.o(i.HAL_UARTEx_RxEventCallback) refers to noretval__2printf.o(.text) for __2printf
    main.o(i.HAL_UARTEx_RxEventCallback) refers to stm32f1xx_hal_uart.o(i.HAL_UARTEx_ReceiveToIdle_DMA) for HAL_UARTEx_ReceiveToIdle_DMA
    main.o(i.HAL_UARTEx_RxEventCallback) refers to usart.o(.bss) for huart1
    main.o(i.HAL_UARTEx_RxEventCallback) refers to main.o(.bss) for .bss
    main.o(i.HAL_UARTEx_RxEventCallback) refers to main.o(.data) for .data
    main.o(i.SystemClock_Config) refers to rt_memclr_w.o(.text) for __aeabi_memclr4
    main.o(i.SystemClock_Config) refers to stm32f1xx_hal_rcc.o(i.HAL_RCC_OscConfig) for HAL_RCC_OscConfig
    main.o(i.SystemClock_Config) refers to stm32f1xx_hal_rcc.o(i.HAL_RCC_ClockConfig) for HAL_RCC_ClockConfig
    main.o(i.SystemClock_Config) refers to stm32f1xx_hal_rcc_ex.o(i.HAL_RCCEx_PeriphCLKConfig) for HAL_RCCEx_PeriphCLKConfig
    main.o(i.main) refers to stm32f1xx_hal.o(i.HAL_Init) for HAL_Init
    main.o(i.main) refers to main.o(i.SystemClock_Config) for SystemClock_Config
    main.o(i.main) refers to gpio.o(i.MX_GPIO_Init) for MX_GPIO_Init
    main.o(i.main) refers to dma.o(i.MX_DMA_Init) for MX_DMA_Init
    main.o(i.main) refers to can.o(i.MX_CAN_Init) for MX_CAN_Init
    main.o(i.main) refers to spi.o(i.MX_SPI2_Init) for MX_SPI2_Init
    main.o(i.main) refers to tim.o(i.MX_TIM1_Init) for MX_TIM1_Init
    main.o(i.main) refers to tim.o(i.MX_TIM2_Init) for MX_TIM2_Init
    main.o(i.main) refers to tim.o(i.MX_TIM3_Init) for MX_TIM3_Init
    main.o(i.main) refers to tim.o(i.MX_TIM4_Init) for MX_TIM4_Init
    main.o(i.main) refers to tim.o(i.MX_TIM5_Init) for MX_TIM5_Init
    main.o(i.main) refers to tim.o(i.MX_TIM6_Init) for MX_TIM6_Init
[...]
    DMA1_Channel5_IRQHandler                 0x08001865   Thumb Code     6  stm32f1xx_it.o(i.DMA1_Channel5_IRQHandler)
    DebugMon_Handler                         0x0800189b   Thumb Code     2  stm32f1xx_it.o(i.DebugMon_Handler)
    Error_Handler                            0x0800189d   Thumb Code     4  main.o(i.Error_Handler)
    HAL_CAN_Init                             0x080018a1   Thumb Code   282  stm32f1xx_hal_can.o(i.HAL_CAN_Init)
    HAL_CAN_MspInit                          0x080019bd   Thumb Code   110  can.o(i.HAL_CAN_MspInit)
    HAL_DMA_Abort                            0x08001a3d   Thumb Code    70  stm32f1xx_hal_dma.o(i.HAL_DMA_Abort)
    HAL_DMA_Abort_IT                         0x08001a85   Thumb Code   296  stm32f1xx_hal_dma.o(i.HAL_DMA_Abort_IT)
    HAL_DMA_IRQHandler                       0x08001bb5   Thumb Code   552  stm32f1xx_hal_dma.o(i.HAL_DMA_IRQHandler)
    HAL_DMA_Init                             0x08001dfd   Thumb Code   112  stm32f1xx_hal_dma.o(i.HAL_DMA_Init)
    HAL_DMA_Start_IT                         0x08001e79   Thumb Code   112  stm32f1xx_hal_dma.o(i.HAL_DMA_Start_IT)
    HAL_Delay                                0x08001ee9   Thumb Code    32  stm32f1xx_hal.o(i.HAL_Delay)
    HAL_GPIO_Init                            0x08001f0d   Thumb Code   462  stm32f1xx_hal_gpio.o(i.HAL_GPIO_Init)
    HAL_GPIO_ReadPin                         0x08002105   Thumb Code    10  stm32f1xx_hal_gpio.o(i.HAL_GPIO_ReadPin)
    HAL_GPIO_WritePin                        0x0800210f   Thumb Code    10  stm32f1xx_hal_gpio.o(i.HAL_GPIO_WritePin)
    HAL_GetTick                              0x08002119   Thumb Code     6  stm32f1xx_hal.o(i.HAL_GetTick)
    HAL_I2C_Init                             0x08002125   Thumb Code   376  stm32f1xx_hal_i2c.o(i.HAL_I2C_Init)
    HAL_I2C_MspInit                          0x080022ad   Thumb Code    80  i2c.o(i.HAL_I2C_MspInit)
    HAL_IncTick                              0x08002309   Thumb Code    12  stm32f1xx_hal.o(i.HAL_IncTick)
    HAL_Init                                 0x08002319   Thumb Code    32  stm32f1xx_hal.o(i.HAL_Init)
    HAL_InitTick                             0x0800233d   Thumb Code    54  stm32f1xx_hal.o(i.HAL_InitTick)
    HAL_MspInit                              0x0800237d   Thumb Code    52  stm32f1xx_hal_msp.o(i.HAL_MspInit)
    HAL_NVIC_EnableIRQ                       0x080023b9   Thumb Code    26  stm32f1xx_hal_cortex.o(i.HAL_NVIC_EnableIRQ)
    HAL_NVIC_SetPriority                     0x080023d5   Thumb Code    60  stm32f1xx_hal_cortex.o(i.HAL_NVIC_SetPriority)
    HAL_NVIC_SetPriorityGrouping             0x08002415   Thumb Code    26  stm32f1xx_hal_cortex.o(i.HAL_NVIC_SetPriorityGrouping)
    HAL_PWR_EnableBkUpAccess                 0x08002439   Thumb Code     8  stm32f1xx_hal_pwr.o(i.HAL_PWR_EnableBkUpAccess)
    HAL_RCCEx_GetPeriphCLKFreq               0x08002445   Thumb Code   166  stm32f1xx_hal_rcc_ex.o(i.HAL_RCCEx_GetPeriphCLKFreq)
    HAL_RCCEx_PeriphCLKConfig                0x080024fd   Thumb Code   224  stm32f1xx_hal_rcc_ex.o(i.HAL_RCCEx_PeriphCLKConfig)
    HAL_RCC_ClockConfig                      0x080025e9   Thumb Code   280  stm32f1xx_hal_rcc.o(i.HAL_RCC_ClockConfig)
    HAL_RCC_GetPCLK1Freq                     0x08002715   Thumb Code    20  stm32f1xx_hal_rcc.o(i.HAL_RCC_GetPCLK1Freq)
    HAL_RCC_GetPCLK2Freq                     0x08002735   Thumb Code    20  stm32f1xx_hal_rcc.o(i.HAL_RCC_GetPCLK2Freq)
    HAL_RCC_GetSysClockFreq                  0x08002755   Thumb Code    58  stm32f1xx_hal_rcc.o(i.HAL_RCC_GetSysClockFreq)
    HAL_RCC_OscConfig                        0x080027a1   Thumb Code   778  stm32f1xx_hal_rcc.o(i.HAL_RCC_OscConfig)
    HAL_RTC_Init                             0x08002ac1   Thumb Code   144  stm32f1xx_hal_rtc.o(i.HAL_RTC_Init)
    HAL_RTC_MspInit                          0x08002b55   Thumb Code    40  rtc.o(i.HAL_RTC_MspInit)
    HAL_RTC_WaitForSynchro                   0x08002b89   Thumb Code    58  stm32f1xx_hal_rtc.o(i.HAL_RTC_WaitForSynchro)
    HAL_SPI_Init                             0x08002bc3   Thumb Code   178  stm32f1xx_hal_spi.o(i.HAL_SPI_Init)
    HAL_SPI_MspInit                          0x08002c75   Thumb Code    82  spi.o(i.HAL_SPI_MspInit)
    HAL_SPI_Transmit                         0x08002cd5   Thumb Code   366  stm32f1xx_hal_spi.o(i.HAL_SPI_Transmit)
    HAL_SYSTICK_Config                       0x08002e43   Thumb Code    40  stm32f1xx_hal_cortex.o(i.HAL_SYSTICK_Config)
    HAL_TIMEx_BreakCallback                  0x08002e6b   Thumb Code     2  stm32f1xx_hal_tim_ex.o(i.HAL_TIMEx_BreakCallback)
    HAL_TIMEx_CommutCallback                 0x08002e6d   Thumb Code     2  stm32f1xx_hal_tim_ex.o(i.HAL_TIMEx_CommutCallback)
    HAL_TIMEx_ConfigBreakDeadTime            0x08002e6f   Thumb Code    84  stm32f1xx_hal_tim_ex.o(i.HAL_TIMEx_ConfigBreakDeadTime)
    HAL_TIMEx_MasterConfigSynchronization    0x08002ec5   Thumb Code   104  stm32f1xx_hal_tim_ex.o(i.HAL_TIMEx_MasterConfigSynchronization)
    HAL_TIM_Base_Init                        0x08002f41   Thumb Code    90  stm32f1xx_hal_tim.o(i.HAL_TIM_Base_Init)
    HAL_TIM_Base_MspInit                     0x08002f9d   Thumb Code   138  tim.o(i.HAL_TIM_Base_MspInit)
    HAL_TIM_Base_Start_IT                    0x08003041   Thumb Code    88  stm32f1xx_hal_tim.o(i.HAL_TIM_Base_Start_IT)
    HAL_TIM_ConfigClockSource                0x080030ad   Thumb Code   220  stm32f1xx_hal_tim.o(i.HAL_TIM_ConfigClockSource)
    HAL_TIM_Encoder_Init                     0x08003189   Thumb Code   164  stm32f1xx_hal_tim.o(i.HAL_TIM_Encoder_Init)
    HAL_TIM_Encoder_MspInit                  0x0800322d   Thumb Code   238  tim.o(i.HAL_TIM_Encoder_MspInit)
    HAL_TIM_IC_CaptureCallback               0x08003339   Thumb Code     2  stm32f1xx_hal_tim.o(i.HAL_TIM_IC_CaptureCallback)
    HAL_TIM_IRQHandler                       0x0800333b   Thumb Code   358  stm32f1xx_hal_tim.o(i.HAL_TIM_IRQHandler)
    HAL_TIM_MspPostInit                      0x080034a1   Thumb Code   160  tim.o(i.HAL_TIM_MspPostInit)
    HAL_TIM_OC_DelayElapsedCallback          0x08003561   Thumb Code     2  stm32f1xx_hal_tim.o(i.HAL_TIM_OC_DelayElapsedCallback)
    HAL_TIM_PWM_ConfigChannel                0x08003563   Thumb Code   204  stm32f1xx_hal_tim.o(i.HAL_TIM_PWM_ConfigChannel)
    HAL_TIM_PWM_Init                         0x0800362f   Thumb Code    90  stm32f1xx_hal_tim.o(i.HAL_TIM_PWM_Init)
    HAL_TIM_PWM_MspInit                      0x08003689   Thumb Code     2  stm32f1xx_hal_tim.o(i.HAL_TIM_PWM_MspInit)
    HAL_TIM_PWM_PulseFinishedCallback        0x0800368b   Thumb Code     2  stm32f1xx_hal_tim.o(i.HAL_TIM_PWM_PulseFinishedCallback)
    HAL_TIM_PWM_Start                        0x0800368d   Thumb Code   160  stm32f1xx_hal_tim.o(i.HAL_TIM_PWM_Start)
    HAL_TIM_PeriodElapsedCallback            0x08003741   Thumb Code   200  stm32f1xx_it.o(i.HAL_TIM_PeriodElapsedCallback)
    HAL_TIM_TriggerCallback                  0x0800384d   Thumb Code     2  stm32f1xx_hal_tim.o(i.HAL_TIM_TriggerCallback)
    HAL_UARTEx_ReceiveToIdle_DMA             0x0800384f   Thumb Code    78  stm32f1xx_hal_uart.o(i.HAL_UARTEx_ReceiveToIdle_DMA)
    HAL_UARTEx_RxEventCallback               0x0800389d   Thumb Code   200  main.o(i.HAL_UARTEx_RxEventCallback)
    HAL_UART_ErrorCallback                   0x080039b1   Thumb Code     2  stm32f1xx_hal_uart.o(i.HAL_UART_ErrorCallback)
    HAL_UART_IRQHandler                      0x080039b5   Thumb Code   616  stm32f1xx_hal_uart.o(i.HAL_UART_IRQHandler)
    HAL_UART_Init                            0x08003c21   Thumb Code   100  stm32f1xx_hal_uart.o(i.HAL_UART_Init)
    HAL_UART_MspInit                         0x08003c85   Thumb Code   294  usart.o(i.HAL_UART_MspInit)
    HAL_UART_RxCpltCallback                  0x08003dcd   Thumb Code     2  stm32f1xx_hal_uart.o(i.HAL_UART_RxCpltCallback)
    HAL_UART_RxHalfCpltCallback              0x08003dcf   Thumb Code     2  stm32f1xx_hal_uart.o(i.HAL_UART_RxHalfCpltCallback)
    HAL_UART_Transmit_IT                     0x08003dd1   Thumb Code    50  stm32f1xx_hal_uart.o(i.HAL_UART_Transmit_IT)
    HAL_UART_TxCpltCallback                  0x08003e03   Thumb Code     2  stm32f1xx_hal_uart.o(i.HAL_UART_TxCpltCallback)
    HardFault_Handler                        0x08003e05   Thumb Code     2  stm32f1xx_it.o(i.HardFault_Handler)
    I2C_Read_Ack                             0x08003e09   Thumb Code    86  tcs34725.o(i.I2C_Read_Ack)
    I2C_Read_Byte                            0x08003e65   Thumb Code   118  tcs34725.o(i.I2C_Read_Byte)
    I2C_Send_Byte                            0x08003ee1   Thumb Code    90  tcs34725.o(i.I2C_Send_Byte)
    I2C_Start                                0x08003f41   Thumb Code    66  tcs34725.o(i.I2C_Start)
    I2C_Stop                                 0x08003f89   Thumb Code    72  tcs34725.o(i.I2C_Stop)
    I2C_Write_Ack                            0x08003fd5   Thumb Code    66  tcs34725.o(i.I2C_Write_Ack)
    IIC_Ack                                  0x0800401d   Thumb Code    66  mpu6050.o(i.IIC_Ack)
    IIC_GPIO_Init                            0x08004071   Thumb Code    52  mpu6050.o(i.IIC_GPIO_Init)
    IIC_NAck                                 0x080040ad   Thumb Code    52  mpu6050.o(i.IIC_NAck)
    IIC_Read_Byte                            0x080040e5   Thumb Code    96  mpu6050.o(i.IIC_Read_Byte)
    IIC_Send_Byte                            0x08004149   Thumb Code    98  mpu6050.o(i.IIC_Send_Byte)
    IIC_Start                                0x080041b1   Thumb Code    64  mpu6050.o(i.IIC_Start)
    IIC_Stop                                 0x080041f5   Thumb Code    46  mpu6050.o(i.IIC_Stop)
    IIC_Wait_Ack                             0x08004229   Thumb Code    70  mpu6050.o(i.IIC_Wait_Ack)
    KF_X                                     0x08004275   Thumb Code   588  kf.o(i.KF_X)
    KF_Y                                     0x080044cd   Thumb Code   594  kf.o(i.KF_Y)
    MPU_Get_Accelerometer                    0x0800472d   Thumb Code    50  mpu6050.o(i.MPU_Get_Accelerometer)
    MPU_Get_Gyroscope                        0x0800475f   Thumb Code    50  mpu6050.o(i.MPU_Get_Gyroscope)
    MPU_Get_Temperature                      0x08004791   Thumb Code    60  mpu6050.o(i.MPU_Get_Temperature)
    MPU_Init                                 0x080047dd   Thumb Code   118  mpu6050.o(i.MPU_Init)
    MPU_Read_Byte                            0x08004853   Thumb Code    58  mpu6050.o(i.MPU_Read_Byte)
    MPU_Read_Len                             0x0800488d   Thumb Code   108  mpu6050.o(i.MPU_Read_Len)
    MPU_Set_Accel_Fsr                        0x080048f9   Thumb Code    10  mpu6050.o(i.MPU_Set_Accel_Fsr)
    MPU_Set_Gyro_Fsr                         0x08004903   Thumb Code    10  mpu6050.o(i.MPU_Set_Gyro_Fsr)
    MPU_Set_LPF                              0x0800490d   Thumb Code    48  mpu6050.o(i.MPU_Set_LPF)
    MPU_Set_Rate                             0x0800493d   Thumb Code    46  mpu6050.o(i.MPU_Set_Rate)
    MPU_Write_Byte                           0x0800496b   Thumb Code    60  mpu6050.o(i.MPU_Write_Byte)
    MPU_Write_Len                            0x080049a7   Thumb Code    82  mpu6050.o(i.MPU_Write_Len)
    MX_CAN_Init                              0x080049f9   Thumb Code    52  can.o(i.MX_CAN_Init)
    MX_DMA_Init                              0x08004a35   Thumb Code    56  dma.o(i.MX_DMA_Init)
    MX_GPIO_Init                             0x08004a71   Thumb Code   334  gpio.o(i.MX_GPIO_Init)
    MX_I2C1_Init                             0x08004bdd   Thumb Code    50  i2c.o(i.MX_I2C1_Init)
    MX_RTC_Init                              0x08004c1d   Thumb Code    38  rtc.o(i.MX_RTC_Init)
    MX_SPI2_Init                             0x08004c4d   Thumb Code    60  spi.o(i.MX_SPI2_Init)
    MX_TIM1_Init                             0x08004c91   Thumb Code   274  tim.o(i.MX_TIM1_Init)
    MX_TIM2_Init                             0x08004dad   Thumb Code   102  tim.o(i.MX_TIM2_Init)
    MX_TIM3_Init                             0x08004e19   Thumb Code   100  tim.o(i.MX_TIM3_Init)
    MX_TIM4_Init                             0x08004e85   Thumb Code   100  tim.o(i.MX_TIM4_Init)
    MX_TIM5_Init                             0x08004ef1   Thumb Code   190  tim.o(i.MX_TIM5_Init)
    MX_TIM6_Init                             0x08004fb9   Thumb Code    60  tim.o(i.MX_TIM6_Init)
    MX_TIM7_Init                             0x08004ffd   Thumb Code    62  tim.o(i.MX_TIM7_Init)
    MX_TIM8_Init                             0x08005045   Thumb Code   242  tim.o(i.MX_TIM8_Init)
    MX_USART1_UART_Init                      0x08005141   Thumb Code    48  usart.o(i.MX_USART1_UART_Init)
    MX_USART2_UART_Init                      0x08005179   Thumb Code    48  usart.o(i.MX_USART2_UART_Init)
    MemManage_Handler                        0x080051b1   Thumb Code     2  stm32f1xx_it.o(i.MemManage_Handler)
    NMI_Handler                              0x080051b3   Thumb Code     2  stm32f1xx_it.o(i.NMI_Handler)
    PY_Delay_us                              0x080051b5   Thumb Code    62  delayus.o(i.PY_Delay_us)
    PY_Delay_us_t                            0x080051f9   Thumb Code    36  delayus.o(i.PY_Delay_us_t)
    PendSV_Handler                           0x08005221   Thumb Code     2  stm32f1xx_it.o(i.PendSV_Handler)
    RGBtoHSL                                 0x08005223   Thumb Code   208  tcs34725.o(i.RGBtoHSL)
    ST7735_DrawChar                          0x08005439   Thumb Code   170  st7735.o(i.ST7735_DrawChar)
    ST7735_DrawData                          0x080054e9   Thumb Code    74  st7735.o(i.ST7735_DrawData)
    ST7735_DrawFloat                         0x08005535   Thumb Code    56  st7735.o(i.ST7735_DrawFloat)
    ST7735_DrawInt                           0x08005575   Thumb Code    46  st7735.o(i.ST7735_DrawInt)
    ST7735_DrawRectangle                     0x080055a9   Thumb Code    92  st7735.o(i.ST7735_DrawRectangle)
    ST7735_DrawString                        0x08005609   Thumb Code    46  st7735.o(i.ST7735_DrawString)
    ST7735_FillScreen                        0x0800563d   Thumb Code    18  st7735.o(i.ST7735_FillScreen)
    ST7735_Init                              0x0800564f   Thumb Code   544  st7735.o(i.ST7735_Init)
    ST7735_Reset                             0x08005871   Thumb Code    44  st7735.o(i.ST7735_Reset)
    ST7735_SetAddressWindow                  0x080058a1   Thumb Code    60  st7735.o(i.ST7735_SetAddressWindow)
    ST7735_SetRotation                       0x080058dd   Thumb Code    46  st7735.o(i.ST7735_SetRotation)
    ST7735_WriteByte                         0x0800590d   Thumb Code    52  st7735.o(i.ST7735_WriteByte)
    ST7735_WriteCommand                      0x08005949   Thumb Code    54  st7735.o(i.ST7735_WriteCommand)
    ST7735_WriteData                         0x08005989   Thumb Code    60  st7735.o(i.ST7735_WriteData)
    SVC_Handler                              0x080059cd   Thumb Code     2  stm32f1xx_it.o(i.SVC_Handler)
    SysTick_Handler                          0x080059cf   Thumb Code     4  stm32f1xx_it.o(i.SysTick_Handler)
    SystemClock_Config                       0x080059d3   Thumb Code   128  main.o(i.SystemClock_Config)
    SystemInit                               0x08005a53   Thumb Code     2  system_stm32f1xx.o(i.SystemInit)
    TCS34725_GET_RGB                         0x08005a55   Thumb Code    48  tcs34725.o(i.TCS34725_GET_RGB)
    TCS34725_Init                            0x08005a85   Thumb Code    52  tcs34725.o(i.TCS34725_Init)
    TCS3472_AEN_Enable                       0x08005ac5   Thumb Code    16  tcs34725.o(i.TCS3472_AEN_Enable)
    TCS3472_ID_Verification                  0x08005ad9   Thumb Code    24  tcs34725.o(i.TCS3472_ID_Verification)
    TCS3472_PON_Enable                       0x08005af1   Thumb Code    16  tcs34725.o(i.TCS3472_PON_Enable)
    TCS3472_READ_1Byte                       0x08005b05   Thumb Code    62  tcs34725.o(i.TCS3472_READ_1Byte)
    TCS3472_READ_2Byte                       0x08005b43   Thumb Code    72  tcs34725.o(i.TCS3472_READ_2Byte)
    TCS3472_WRITE                            0x08005b8b   Thumb Code    52  tcs34725.o(i.TCS3472_WRITE)
    TIM6_IRQHandler                          0x08005bc1   Thumb Code     6  stm32f1xx_it.o(i.TIM6_IRQHandler)
    TIM_Base_SetConfig                       0x08005bcd   Thumb Code   120  stm32f1xx_hal_tim.o(i.TIM_Base_SetConfig)
    TIM_CCxChannelCmd                        0x08005c59   Thumb Code    26  stm32f1xx_hal_tim.o(i.TIM_CCxChannelCmd)
    TIM_ETR_SetConfig                        0x08005c73   Thumb Code    20  stm32f1xx_hal_tim.o(i.TIM_ETR_SetConfig)
    TIM_OC2_SetConfig                        0x08005cf9   Thumb Code    98  stm32f1xx_hal_tim.o(i.TIM_OC2_SetConfig)
    UART_Start_Receive_DMA                   0x08006145   Thumb Code   130  stm32f1xx_hal_uart.o(i.UART_Start_Receive_DMA)
    USART1_IRQHandler                        0x080061d5   Thumb Code     6  stm32f1xx_it.o(i.USART1_IRQHandler)
    USART2_IRQHandler                        0x080061e1   Thumb Code     6  stm32f1xx_it.o(i.USART2_IRQHandler)
    UsageFault_Handler                       0x080061ed   Thumb Code     2  stm32f1xx_it.o(i.UsageFault_Handler)
    __ARM_fpclassify                         0x080061ef   Thumb Code    40  fpclassify.o(i.__ARM_fpclassify)
    __kernel_poly                            0x08006237   Thumb Code   170  poly.o(i.__kernel_poly)
    __mathlib_dbl_infnan                     0x080062e1   Thumb Code     6  dunder.o(i.__mathlib_dbl_infnan)
    __mathlib_dbl_infnan2                    0x080062e7   Thumb Code     4  dunder.o(i.__mathlib_dbl_infnan2)
    __mathlib_dbl_underflow                  0x080062ed   Thumb Code    10  dunder.o(i.__mathlib_dbl_underflow)
    _is_digit                                0x080062fd   Thumb Code    14  __printf_wp.o(i._is_digit)
    _sys_exit                                0x0800630b   Thumb Code     2  usart.o(i._sys_exit)
    atan                                     0x0800638d   Thumb Code   474  atan.o(i.atan)
    atan2                                    0x080065ad   Thumb Code   346  atan2.o(i.atan2)
    dmp_enable_6x_lp_quat                    0x0800672d   Thumb Code    58  inv_mpu_dmp_motion_driver.o(i.dmp_enable_6x_lp_quat)
    dmp_enable_feature                       0x08006769   Thumb Code   464  inv_mpu_dmp_motion_driver.o(i.dmp_enable_feature)
    dmp_enable_gyro_cal                      0x08006941   Thumb Code    34  inv_mpu_dmp_motion_driver.o(i.dmp_enable_gyro_cal)
    dmp_enable_lp_quat                       0x0800697d   Thumb Code    58  inv_mpu_dmp_motion_driver.o(i.dmp_enable_lp_quat)
    dmp_load_motion_driver_firmware          0x080069b9   Thumb Code    16  inv_mpu_dmp_motion_driver.o(i.dmp_load_motion_driver_firmware)
    dmp_set_accel_bias                       0x080069cd   Thumb Code   210  inv_mpu_dmp_motion_driver.o(i.dmp_set_accel_bias)
    dmp_set_fifo_rate                        0x08006aa5   Thumb Code    82  inv_mpu_dmp_motion_driver.o(i.dmp_set_fifo_rate)
    dmp_set_gyro_bias                        0x08006b09   Thumb Code   196  inv_mpu_dmp_motion_driver.o(i.dmp_set_gyro_bias)
    dmp_set_orientation                      0x08006bd5   Thumb Code   246  inv_mpu_dmp_motion_driver.o(i.dmp_set_orientation)
    dmp_set_shake_reject_thresh              0x08006ce1   Thumb Code    48  inv_mpu_dmp_motion_driver.o(i.dmp_set_shake_reject_thresh)
    dmp_set_shake_reject_time                0x08006d11   Thumb Code    32  inv_mpu_dmp_motion_driver.o(i.dmp_set_shake_reject_time)
    dmp_set_shake_reject_timeout             0x08006d31   Thumb Code    32  inv_mpu_dmp_motion_driver.o(i.dmp_set_shake_reject_timeout)
    dmp_set_tap_axes                         0x08006d51   Thumb Code    64  inv_mpu_dmp_motion_driver.o(i.dmp_set_tap_axes)
    dmp_set_tap_count                        0x08006d91   Thumb Code    34  inv_mpu_dmp_motion_driver.o(i.dmp_set_tap_count)
    dmp_set_tap_thresh                       0x08006db5   Thumb Code   274  inv_mpu_dmp_motion_driver.o(i.dmp_set_tap_thresh)
    dmp_set_tap_time                         0x08006edd   Thumb Code    32  inv_mpu_dmp_motion_driver.o(i.dmp_set_tap_time)
    dmp_set_tap_time_multi                   0x08006efd   Thumb Code    32  inv_mpu_dmp_motion_driver.o(i.dmp_set_tap_time_multi)
    fputc                                    0x08006f1d   Thumb Code    18  usart.o(i.fputc)
    inv_orientation_matrix_to_scalar         0x080073c9   Thumb Code    34  inv_mpu.o(i.inv_orientation_matrix_to_scalar)
    inv_row_2_scale                          0x080073eb   Thumb Code    72  inv_mpu.o(i.inv_row_2_scale)
    main                                     0x08007435   Thumb Code   396  main.o(i.main)
    mapRGBCtoColor                           0x08007601   Thumb Code   190  tcs34725.o(i.mapRGBCtoColor)
    mpu_configure_fifo                       0x08007789   Thumb Code    78  inv_mpu.o(i.mpu_configure_fifo)
    mpu_dmp_init                             0x080077dd   Thumb Code   158  inv_mpu.o(i.mpu_dmp_init)
    mpu_get_accel_fsr                        0x08007881   Thumb Code    54  inv_mpu.o(i.mpu_get_accel_fsr)
    mpu_get_accel_sens                       0x080078bd   Thumb Code    62  inv_mpu.o(i.mpu_get_accel_sens)
    mpu_get_gyro_fsr                         0x08007901   Thumb Code    48  inv_mpu.o(i.mpu_get_gyro_fsr)
    mpu_get_gyro_sens                        0x08007935   Thumb Code    44  inv_mpu.o(i.mpu_get_gyro_sens)
    mpu_get_lpf                              0x08007975   Thumb Code    52  inv_mpu.o(i.mpu_get_lpf)
    mpu_get_sample_rate                      0x080079ad   Thumb Code    22  inv_mpu.o(i.mpu_get_sample_rate)
    mpu_init                                 0x080079c9   Thumb Code   310  inv_mpu.o(i.mpu_init)
    mpu_load_firmware                        0x08007b51   Thumb Code   154  inv_mpu.o(i.mpu_load_firmware)
    mpu_lp_accel_mode                        0x08007bf1   Thumb Code   178  inv_mpu.o(i.mpu_lp_accel_mode)
    mpu_read_mem                             0x08007ca9   Thumb Code    80  inv_mpu.o(i.mpu_read_mem)
    mpu_reset_fifo                           0x08007cfd   Thumb Code   346  inv_mpu.o(i.mpu_reset_fifo)
    mpu_run_self_test                        0x08007e5d   Thumb Code   234  inv_mpu.o(i.mpu_run_self_test)
    mpu_set_accel_fsr                        0x08007f4d   Thumb Code    98  inv_mpu.o(i.mpu_set_accel_fsr)
    mpu_set_bypass                           0x08007fb5   Thumb Code   214  inv_mpu.o(i.mpu_set_bypass)
    mpu_set_dmp_state                        0x08008091   Thumb Code   114  inv_mpu.o(i.mpu_set_dmp_state)
    mpu_set_gyro_fsr                         0x08008109   Thumb Code   104  inv_mpu.o(i.mpu_set_gyro_fsr)
    mpu_set_int_latched                      0x08008175   Thumb Code    94  inv_mpu.o(i.mpu_set_int_latched)
    mpu_set_lpf                              0x080081d9   Thumb Code   102  inv_mpu.o(i.mpu_set_lpf)
    mpu_set_sample_rate                      0x08008245   Thumb Code   124  inv_mpu.o(i.mpu_set_sample_rate)
    mpu_set_sensors                          0x080082c5   Thumb Code   178  inv_mpu.o(i.mpu_set_sensors)
    mpu_write_mem                            0x0800837d   Thumb Code    80  inv_mpu.o(i.mpu_write_mem)
    mul                                      0x080083d1   Thumb Code   122  kf.o(i.mul)
    run_self_test                            0x08008465   Thumb Code   128  inv_mpu.o(i.run_self_test)
    _get_lc_numeric                          0x0800853d   Thumb Code    44  lc_numeric_c.o(locale$$code)
    _get_lc_ctype                            0x08008569   Thumb Code    44  lc_ctype_c.o(locale$$code)
    __aeabi_d2f                              0x08008595   Thumb Code     0  d2f.o(x$fpl$d2f)
    _d2f                                     0x08008595   Thumb Code    98  d2f.o(x$fpl$d2f)
    __aeabi_dadd                             0x080085f9   Thumb Code     0  daddsub_clz.o(x$fpl$dadd)
    _dadd                                    0x080085f9   Thumb Code   332  daddsub_clz.o(x$fpl$dadd)
    __fpl_dcheck_NaN1                        0x08008749   Thumb Code    10  dcheck1.o(x$fpl$dcheck1)
    __aeabi_ddiv                             0x08008759   Thumb Code     0  ddiv.o(x$fpl$ddiv)
    _ddiv                                    0x08008759   Thumb Code   552  ddiv.o(x$fpl$ddiv)
    __aeabi_i2d                              0x08008a09   Thumb Code     0  dflt_clz.o(x$fpl$dflt)
    _dflt                                    0x08008a09   Thumb Code    46  dflt_clz.o(x$fpl$dflt)
    __aeabi_dmul                             0x08008a39   Thumb Code     0  dmul.o(x$fpl$dmul)
    _dmul                                    0x08008a39   Thumb Code   332  dmul.o(x$fpl$dmul)
    __fpl_dnaninf                            0x08008b8d   Thumb Code   156  dnaninf.o(x$fpl$dnaninf)
    __fpl_dretinf                            0x08008c29   Thumb Code    12  dretinf.o(x$fpl$dretinf)
    __aeabi_drsub                            0x08008c35   Thumb Code     0  daddsub_clz.o(x$fpl$drsb)
    _drsb                                    0x08008c35   Thumb Code    22  daddsub_clz.o(x$fpl$drsb)
    __aeabi_dsub                             0x08008c4d   Thumb Code     0  daddsub_clz.o(x$fpl$dsub)
    _dsub                                    0x08008c4d   Thumb Code   464  daddsub_clz.o(x$fpl$dsub)
    __aeabi_f2d                              0x08008e21   Thumb Code     0  f2d.o(x$fpl$f2d)
    _f2d                                     0x08008e21   Thumb Code    86  f2d.o(x$fpl$f2d)
    __aeabi_fadd                             0x08008e79   Thumb Code     0  faddsub_clz.o(x$fpl$fadd)
    _fadd                                    0x08008e79   Thumb Code   196  faddsub_clz.o(x$fpl$fadd)
    __fpl_fcheck_NaN1                        0x08008f3d   Thumb Code     6  fcheck1.o(x$fpl$fcheck1)
    __aeabi_fdiv                             0x08008f49   Thumb Code     0  fdiv.o(x$fpl$fdiv)
    _fdiv                                    0x08008f49   Thumb Code   384  fdiv.o(x$fpl$fdiv)
    __aeabi_f2iz                             0x080090cd   Thumb Code     0  ffix.o(x$fpl$ffix)
    _ffix                                    0x080090cd   Thumb Code    54  ffix.o(x$fpl$ffix)
    __aeabi_f2uiz                            0x08009105   Thumb Code     0  ffixu.o(x$fpl$ffixu)
    _ffixu                                   0x08009105   Thumb Code    62  ffixu.o(x$fpl$ffixu)
    __aeabi_i2f                              0x08009145   Thumb Code     0  fflt_clz.o(x$fpl$fflt)
    _fflt                                    0x08009145   Thumb Code    48  fflt_clz.o(x$fpl$fflt)
    __aeabi_ui2f                             0x08009175   Thumb Code     0  fflt_clz.o(x$fpl$ffltu)
    _ffltu                                   0x08009175   Thumb Code    38  fflt_clz.o(x$fpl$ffltu)
    __aeabi_fmul                             0x0800919d   Thumb Code     0  fmul.o(x$fpl$fmul)
    _fmul                                    0x0800919d   Thumb Code   258  fmul.o(x$fpl$fmul)
    __fpl_fnaninf                            0x0800929f   Thumb Code   140  fnaninf.o(x$fpl$fnaninf)
    __fpl_fretinf                            0x0800932b   Thumb Code    10  fretinf.o(x$fpl$fretinf)
    __aeabi_fsub                             0x08009335   Thumb Code     0  faddsub_clz.o(x$fpl$fsub)
    _fsub                                    0x08009335   Thumb Code   234  faddsub_clz.o(x$fpl$fsub)
    _printf_fp_dec                           0x0800941f   Thumb Code     4  printf1.o(x$fpl$printf1)
    __fpl_return_NaN                         0x08009423   Thumb Code   100  retnan.o(x$fpl$retnan)
    __ARM_scalbn                             0x08009487   Thumb Code    92  scalbn.o(x$fpl$scalbn)
    __ARM_scalbnf                            0x080094e3   Thumb Code    76  scalbnf.o(x$fpl$scalbnf)
    __fpl_cmpreturn                          0x0800952f   Thumb Code    48  trapv.o(x$fpl$trapveneer)
    __I$use$fp                               0x0800955e   Number         0  usenofp.o(x$fpl$usenofp)
    AHBPrescTable                            0x08009582   Data          16  system_stm32f1xx.o(.constdata)
    APBPrescTable                            0x08009592   Data           8  system_stm32f1xx.o(.constdata)
    Font_7x10                                0x0800a478   Data           8  st7735.o(.constdata)
    Font_Custom                              0x0800a480   Data           8  st7735.o(.constdata)
    reg                                      0x0800a488   Data          27  inv_mpu.o(.constdata)
    hw                                       0x0800a4a4   Data          12  inv_mpu.o(.constdata)
    test                                     0x0800a4b0   Data          40  inv_mpu.o(.constdata)
    __mathlib_zero                           0x0800b238   Data           8  qnan.o(.constdata)
    Region$$Table$$Base                      0x0800b324   Number         0  anon$$obj.o(Region$$Table)
    Region$$Table$$Limit                     0x0800b344   Number         0  anon$$obj.o(Region$$Table)
    __ctype                                  0x0800b36d   Data           0  lc_ctype_c.o(locale$$data)
    pwma                                     0x20000000   Data           4  main.o(.data)
    pwmb                                     0x20000004   Data           4  main.o(.data)
    pwmc                                     0x20000008   Data           4  main.o(.data)
    pwmd                                     0x2000000c   Data           4  main.o(.data)
    Aacx                                     0x20000010   Data           4  main.o(.data)
    Aacy                                     0x20000014   Data           4  main.o(.data)
    Aacz                                     0x20000018   Data           4  main.o(.data)
    Gyrox                                    0x2000001c   Data           4  main.o(.data)
    Gyroy                                    0x20000020   Data           4  main.o(.data)
    aacx                                     0x20000024   Data           2  main.o(.data)
    aacy                                     0x20000026   Data           2  main.o(.data)
    aacz                                     0x20000028   Data           2  main.o(.data)
    gyrox                                    0x2000002a   Data           2  main.o(.data)
    gyroy                                    0x2000002c   Data           2  main.o(.data)
    gyroz                                    0x2000002e   Data           2  main.o(.data)
    temp                                     0x20000030   Data           4  main.o(.data)
    __stdout                                 0x20000034   Data           4  usart.o(.data)
    hsl                                      0x20000038   Data           6  stm32f1xx_it.o(.data)
    rgb                                      0x2000003e   Data           8  stm32f1xx_it.o(.data)
    uwTickFreq                               0x20000048   Data           1  stm32f1xx_hal.o(.data)
    uwTickPrio                               0x2000004c   Data           4  stm32f1xx_hal.o(.data)
    uwTick                                   0x20000050   Data           4  stm32f1xx_hal.o(.data)
    SystemCoreClock                          0x20000054   Data           4  system_stm32f1xx.o(.data)
    TCS3472_Enable_Status                    0x200000e0   Data           1  tcs34725.o(.data)
    usDelayBase                              0x200000e4   Data           4  delayus.o(.data)
    receivedData                             0x200000ec   Data          50  main.o(.bss)
    hcan                                     0x20000120   Data          40  can.o(.bss)
    hi2c1                                    0x20000148   Data          84  i2c.o(.bss)
    hrtc                                     0x2000019c   Data          20  rtc.o(.bss)
    hspi2                                    0x200001b0   Data          88  spi.o(.bss)
    htim1                                    0x20000208   Data          72  tim.o(.bss)
    htim2                                    0x20000250   Data          72  tim.o(.bss)
    htim3                                    0x20000298   Data          72  tim.o(.bss)
    htim4                                    0x200002e0   Data          72  tim.o(.bss)
    htim5                                    0x20000328   Data          72  tim.o(.bss)
    htim6                                    0x20000370   Data          72  tim.o(.bss)
    htim7                                    0x200003b8   Data          72  tim.o(.bss)
    htim8                                    0x20000400   Data          72  tim.o(.bss)
    huart1                                   0x20000448   Data          72  usart.o(.bss)
    huart2                                   0x20000490   Data          72  usart.o(.bss)
    hdma_usart1_tx                           0x200004d8   Data          68  usart.o(.bss)
    hdma_usart1_rx                           0x2000051c   Data          68  usart.o(.bss)
    __libspace_start                         0x200006b0   Data          96  libspace.o(.bss)
    __temporary_stack_top$libspace           0x20000710   Data           0  libspace.o(.bss)



==============================================================================

Memory Map of the image

  Image Entry point : 0x08000131

  Load Region LR_IROM1 (Base: 0x08000000, Size: 0x0000b55c, Max: 0x00080000, ABSOLUTE)

    Execution Region ER_IROM1 (Exec base: 0x08000000, Load base: 0x08000000, Size: 0x0000b470, Max: 0x00080000, ABSOLUTE)

    Exec Addr    Load Addr    Size         Type   Attr      Idx    E Section Name        Object

    0x08000000   0x08000000   0x00000130   Data   RO            3    RESET               startup_stm32f103xe.o
    0x08000130   0x08000130   0x00000008   Code   RO         5550  * !!!main             c_w.l(__main.o)
    0x08000138   0x08000138   0x00000034   Code   RO         5933    !!!scatter          c_w.l(__scatter.o)
    0x0800016c   0x0800016c   0x0000001a   Code   RO         5935    !!handler_copy      c_w.l(__scatter_copy.o)
    0x08000186   0x08000186   0x00000002   PAD
    0x08000188   0x08000188   0x0000001c   Code   RO         5937    !!handler_zi        c_w.l(__scatter_zi.o)
    0x080001a4   0x080001a4   0x00000000   Code   RO         5534    .ARM.Collect$$_printf_percent$$00000000  c_w.l(_printf_percent.o)
    0x080001a4   0x080001a4   0x00000006   Code   RO         5533    .ARM.Collect$$_printf_percent$$00000003  c_w.l(_printf_f.o)
    0x080001aa   0x080001aa   0x00000006   Code   RO         5532    .ARM.Collect$$_printf_percent$$00000009  c_w.l(_printf_d.o)
    0x080001b0   0x080001b0   0x00000006   Code   RO         5530    .ARM.Collect$$_printf_percent$$00000014  c_w.l(_printf_s.o)
    0x080001b6   0x080001b6   0x00000004   Code   RO         5646    .ARM.Collect$$_printf_percent$$00000017  c_w.l(_printf_percent_end.o)
    0x080001ba   0x080001ba   0x00000002   Code   RO         5802    .ARM.Collect$$libinit$$00000000  c_w.l(libinit.o)
    0x080001bc   0x080001bc   0x00000000   Code   RO         5804    .ARM.Collect$$libinit$$00000002  c_w.l(libinit2.o)
    0x080001bc   0x080001bc   0x00000000   Code   RO         5806    .ARM.Collect$$libinit$$00000004  c_w.l(libinit2.o)
    0x080001bc   0x080001bc   0x00000000   Code   RO         5809    .ARM.Collect$$libinit$$0000000A  c_w.l(libinit2.o)
    0x080001bc   0x080001bc   0x00000000   Code   RO         5811    .ARM.Collect$$libinit$$0000000C  c_w.l(libinit2.o)
    0x080001bc   0x080001bc   0x00000000   Code   RO         5813    .ARM.Collect$$libinit$$0000000E  c_w.l(libinit2.o)
    0x080001bc   0x080001bc   0x00000006   Code   RO         5814    .ARM.Collect$$libinit$$0000000F  c_w.l(libinit2.o)
    0x080001c2   0x080001c2   0x00000000   Code   RO         5816    .ARM.Collect$$libinit$$00000011  c_w.l(libinit2.o)
    0x080001c2   0x080001c2   0x0000000c   Code   RO         5817    .ARM.Collect$$libinit$$00000012  c_w.l(libinit2.o)
    0x080001ce   0x080001ce   0x00000000   Code   RO         5818    .ARM.Collect$$libinit$$00000013  c_w.l(libinit2.o)
    0x080001ce   0x080001ce   0x00000000   Code   RO         5820    .ARM.Collect$$libinit$$00000015  c_w.l(libinit2.o)
    0x080001ce   0x080001ce   0x0000000a   Code   RO         5821    .ARM.Collect$$libinit$$00000016  c_w.l(libinit2.o)
    0x080001d8   0x080001d8   0x00000000   Code   RO         5822    .ARM.Collect$$libinit$$00000017  c_w.l(libinit2.o)
    0x080001d8   0x080001d8   0x00000000   Code   RO         5824    .ARM.Collect$$libinit$$00000019  c_w.l(libinit2.o)
    0x080001d8   0x080001d8   0x00000000   Code   RO         5826    .ARM.Collect$$libinit$$0000001B  c_w.l(libinit2.o)
    0x080001d8   0x080001d8   0x00000000   Code   RO         5828    .ARM.Collect$$libinit$$0000001D  c_w.l(libinit2.o)
    0x080001d8   0x080001d8   0x00000000   Code   RO         5830    .ARM.Collect$$libinit$$0000001F  c_w.l(libinit2.o)
    0x080001d8   0x080001d8   0x00000000   Code   RO         5832    .ARM.Collect$$libinit$$00000021  c_w.l(libinit2.o)
    0x080001d8   0x080001d8   0x00000000   Code   RO         5834    .ARM.Collect$$libinit$$00000023  c_w.l(libinit2.o)
    0x080001d8   0x080001d8   0x00000000   Code   RO         5836    .ARM.Collect$$libinit$$00000025  c_w.l(libinit2.o)
    0x080001d8   0x080001d8   0x00000000   Code   RO         5840    .ARM.Collect$$libinit$$0000002C  c_w.l(libinit2.o)
    0x080001d8   0x080001d8   0x00000000   Code   RO         5842    .ARM.Collect$$libinit$$0000002E  c_w.l(libinit2.o)
    0x080001d8   0x080001d8   0x00000000   Code   RO         5844    .ARM.Collect$$libinit$$00000030  c_w.l(libinit2.o)
    0x080001d8   0x080001d8   0x00000000   Code   RO         5846    .ARM.Collect$$libinit$$00000032  c_w.l(libinit2.o)
    0x080001d8   0x080001d8   0x00000002   Code   RO         5847    .ARM.Collect$$libinit$$00000033  c_w.l(libinit2.o)
    0x080001da   0x080001da   0x00000002   Code   RO         5893    .ARM.Collect$$libshutdown$$00000000  c_w.l(libshutdown.o)
    0x080001dc   0x080001dc   0x00000000   Code   RO         5902    .ARM.Collect$$libshutdown$$00000002  c_w.l(libshutdown2.o)
    0x080001dc   0x080001dc   0x00000000   Code   RO         5904    .ARM.Collect$$libshutdown$$00000004  c_w.l(libshutdown2.o)
    0x080001dc   0x080001dc   0x00000000   Code   RO         5907    .ARM.Collect$$libshutdown$$00000007  c_w.l(libshutdown2.o)
    0x080001dc   0x080001dc   0x00000000   Code   RO         5910    .ARM.Collect$$libshutdown$$0000000A  c_w.l(libshutdown2.o)
    0x080001dc   0x080001dc   0x00000000   Code   RO         5912    .ARM.Collect$$libshutdown$$0000000C  c_w.l(libshutdown2.o)
    0x080001dc   0x080001dc   0x00000000   Code   RO         5915    .ARM.Collect$$libshutdown$$0000000F  c_w.l(libshutdown2.o)
    0x080001dc   0x080001dc   0x00000002   Code   RO         5916    .ARM.Collect$$libshutdown$$00000010  c_w.l(libshutdown2.o)
    0x080001de   0x080001de   0x00000000   Code   RO         5624    .ARM.Collect$$rtentry$$00000000  c_w.l(__rtentry.o)
    0x080001de   0x080001de   0x00000000   Code   RO         5707    .ARM.Collect$$rtentry$$00000002  c_w.l(__rtentry2.o)
    0x080001de   0x080001de   0x00000006   Code   RO         5719    .ARM.Collect$$rtentry$$00000004  c_w.l(__rtentry4.o)
    0x080001e4   0x080001e4   0x00000000   Code   RO         5709    .ARM.Collect$$rtentry$$00000009  c_w.l(__rtentry2.o)
    0x080001e4   0x080001e4   0x00000004   Code   RO         5710    .ARM.Collect$$rtentry$$0000000A  c_w.l(__rtentry2.o)
    0x080001e8   0x080001e8   0x00000000   Code   RO         5712    .ARM.Collect$$rtentry$$0000000C  c_w.l(__rtentry2.o)
    0x080001e8   0x080001e8   0x00000008   Code   RO         5713    .ARM.Collect$$rtentry$$0000000D  c_w.l(__rtentry2.o)
    0x080001f0   0x080001f0   0x00000002   Code   RO         5852    .ARM.Collect$$rtexit$$00000000  c_w.l(rtexit.o)
    0x080001f2   0x080001f2   0x00000000   Code   RO         5863    .ARM.Collect$$rtexit$$00000002  c_w.l(rtexit2.o)
    0x080001f2   0x080001f2   0x00000004   Code   RO         5864    .ARM.Collect$$rtexit$$00000003  c_w.l(rtexit2.o)
    0x080001f6   0x080001f6   0x00000006   Code   RO         5865    .ARM.Collect$$rtexit$$00000004  c_w.l(rtexit2.o)
    0x080001fc   0x080001fc   0x00000040   Code   RO            4    .text               startup_stm32f103xe.o
    0x0800023c   0x0800023c   0x00000002   Code   RO         5467    .text               c_w.l(use_no_semi_2.o)
    0x0800023e   0x0800023e   0x00000048   Code   RO         5471    .text               c_w.l(llsdiv.o)
    0x08000286   0x08000286   0x00000002   PAD
    0x08000288   0x08000288   0x00000018   Code   RO         5477    .text               c_w.l(noretval__2printf.o)
    0x080002a0   0x080002a0   0x00000028   Code   RO         5479    .text               c_w.l(noretval__2sprintf.o)
    0x080002c8   0x080002c8   0x00000052   Code   RO         5485    .text               c_w.l(_printf_str.o)
    0x0800031a   0x0800031a   0x00000002   PAD
    0x0800031c   0x0800031c   0x00000078   Code   RO         5487    .text               c_w.l(_printf_dec.o)
    0x08000394   0x08000394   0x00000138   Code   RO         5522    .text               c_w.l(__printf_flags_wp.o)
    0x080004cc   0x080004cc   0x0000001a   Code   RO         5535    .text               c_w.l(atoi.o)
    0x080004e6   0x080004e6   0x00000002   PAD
    0x080004e8   0x080004e8   0x0000000c   Code   RO         5537    .text               c_w.l(strtok.o)
    0x080004f4   0x080004f4   0x00000058   Code   RO         5540    .text               c_w.l(memcmp.o)
    0x0800054c   0x0800054c   0x00000010   Code   RO         5542    .text               c_w.l(aeabi_memset.o)
    0x0800055c   0x0800055c   0x0000004e   Code   RO         5544    .text               c_w.l(rt_memclr_w.o)
    0x080005aa   0x080005aa   0x00000002   PAD
    0x080005ac   0x080005ac   0x00000080   Code   RO         5546    .text               c_w.l(strcmpv7m.o)
    0x0800062c   0x0800062c   0x00000006   Code   RO         5548    .text               c_w.l(heapauxi.o)
    0x08000632   0x08000632   0x00000002   Code   RO         5622    .text               c_w.l(use_no_semi.o)
    0x08000634   0x08000634   0x00000008   Code   RO         5628    .text               c_w.l(rt_errno_addr_intlibspace.o)
    0x0800063c   0x0800063c   0x000000ee   Code   RO         5630    .text               c_w.l(lludivv7m.o)
    0x0800072a   0x0800072a   0x000000b2   Code   RO         5634    .text               c_w.l(_printf_intcommon.o)
    0x080007dc   0x080007dc   0x0000041a   Code   RO         5636    .text               c_w.l(_printf_fp_dec.o)
    0x08000bf6   0x08000bf6   0x00000002   PAD
    0x08000bf8   0x08000bf8   0x00000030   Code   RO         5638    .text               c_w.l(_printf_char_common.o)
    0x08000c28   0x08000c28   0x0000000a   Code   RO         5640    .text               c_w.l(_sputc.o)
    0x08000c32   0x08000c32   0x0000002c   Code   RO         5642    .text               c_w.l(_printf_char.o)
    0x08000c5e   0x08000c5e   0x00000002   PAD
    0x08000c60   0x08000c60   0x00000024   Code   RO         5644    .text               c_w.l(_printf_char_file.o)
    0x08000c84   0x08000c84   0x00000070   Code   RO         5647    .text               c_w.l(strtol.o)
    0x08000cf4   0x08000cf4   0x00000044   Code   RO         5649    .text               c_w.l(strtok_int.o)
    0x08000d38   0x08000d38   0x00000044   Code   RO         5651    .text               c_w.l(rt_memclr.o)
    0x08000d7c   0x08000d7c   0x00000008   Code   RO         5703    .text               c_w.l(libspace.o)
    0x08000d84   0x08000d84   0x00000010   Code   RO         5721    .text               c_w.l(rt_ctype_table.o)
    0x08000d94   0x08000d94   0x00000008   Code   RO         5730    .text               c_w.l(rt_locale_intlibspace.o)
    0x08000d9c   0x08000d9c   0x0000008a   Code   RO         5732    .text               c_w.l(lludiv10.o)
    0x08000e26   0x08000e26   0x00000002   PAD
    0x08000e28   0x08000e28   0x00000080   Code   RO         5734    .text               c_w.l(_printf_fp_infnan.o)
    0x08000ea8   0x08000ea8   0x0000009e   Code   RO         5738    .text               c_w.l(_strtoul.o)
    0x08000f46   0x08000f46   0x00000002   PAD
    0x08000f48   0x08000f48   0x000000dc   Code   RO         5740    .text               c_w.l(bigflt0.o)
    0x08001024   0x08001024   0x00000008   Code   RO         5765    .text               c_w.l(ferror.o)
    0x0800102c   0x0800102c   0x00000020   Code   RO         5772    .text               c_w.l(strcspn.o)
    0x0800104c   0x0800104c   0x0000001c   Code   RO         5774    .text               c_w.l(strspn.o)
    0x08001068   0x08001068   0x0000004a   Code   RO         5786    .text               c_w.l(sys_stackheap_outer.o)
    0x080010b2   0x080010b2   0x0000001c   Code   RO         5790    .text               c_w.l(_chval.o)
    0x080010ce   0x080010ce   0x00000012   Code   RO         5795    .text               c_w.l(exit.o)
    0x080010e0   0x080010e0   0x0000003e   Code   RO         5743    CL$$btod_d2e        c_w.l(btod.o)
    0x0800111e   0x0800111e   0x00000046   Code   RO         5745    CL$$btod_d2e_denorm_low  c_w.l(btod.o)
    0x08001164   0x08001164   0x00000060   Code   RO         5744    CL$$btod_d2e_norm_op1  c_w.l(btod.o)
    0x080011c4   0x080011c4   0x00000338   Code   RO         5753    CL$$btod_div_common  c_w.l(btod.o)
    0x080014fc   0x080014fc   0x000000c6   Code   RO         5750    CL$$btod_e2e        c_w.l(btod.o)
    0x080015c2   0x080015c2   0x00000028   Code   RO         5747    CL$$btod_ediv       c_w.l(btod.o)
    0x080015ea   0x080015ea   0x00000028   Code   RO         5746    CL$$btod_emul       c_w.l(btod.o)
    0x08001612   0x08001612   0x00000244   Code   RO         5752    CL$$btod_mult_common  c_w.l(btod.o)
    0x08001856   0x08001856   0x00000002   Code   RO          623    i.BusFault_Handler  stm32f1xx_it.o
    0x08001858   0x08001858   0x0000000c   Code   RO          624    i.DMA1_Channel4_IRQHandler  stm32f1xx_it.o
    0x08001864   0x08001864   0x0000000c   Code   RO          625    i.DMA1_Channel5_IRQHandler  stm32f1xx_it.o
    0x08001870   0x08001870   0x0000002a   Code   RO         1412    i.DMA_SetConfig     stm32f1xx_hal_dma.o
    0x0800189a   0x0800189a   0x00000002   Code   RO          626    i.DebugMon_Handler  stm32f1xx_it.o
    0x0800189c   0x0800189c   0x00000004   Code   RO           13    i.Error_Handler     main.o
    0x080018a0   0x080018a0   0x0000011a   Code   RO          812    i.HAL_CAN_Init      stm32f1xx_hal_can.o
    0x080019ba   0x080019ba   0x00000002   PAD
    0x080019bc   0x080019bc   0x00000080   Code   RO          262    i.HAL_CAN_MspInit   can.o
    0x08001a3c   0x08001a3c   0x00000046   Code   RO         1413    i.HAL_DMA_Abort     stm32f1xx_hal_dma.o
    0x08001a82   0x08001a82   0x00000002   PAD
    0x08001a84   0x08001a84   0x00000130   Code   RO         1414    i.HAL_DMA_Abort_IT  stm32f1xx_hal_dma.o
    0x08001bb4   0x08001bb4   0x00000248   Code   RO         1418    i.HAL_DMA_IRQHandler  stm32f1xx_hal_dma.o
    0x08001dfc   0x08001dfc   0x0000007c   Code   RO         1419    i.HAL_DMA_Init      stm32f1xx_hal_dma.o
    0x08001e78   0x08001e78   0x00000070   Code   RO         1423    i.HAL_DMA_Start_IT  stm32f1xx_hal_dma.o
    0x08001ee8   0x08001ee8   0x00000024   Code   RO         1039    i.HAL_Delay         stm32f1xx_hal.o
    0x08001f0c   0x08001f0c   0x000001f8   Code   RO         1349    i.HAL_GPIO_Init     stm32f1xx_hal_gpio.o
    0x08002104   0x08002104   0x0000000a   Code   RO         1351    i.HAL_GPIO_ReadPin  stm32f1xx_hal_gpio.o
    0x0800210e   0x0800210e   0x0000000a   Code   RO         1353    i.HAL_GPIO_WritePin  stm32f1xx_hal_gpio.o
    0x08002118   0x08002118   0x0000000c   Code   RO         1043    i.HAL_GetTick       stm32f1xx_hal.o
    0x08002124   0x08002124   0x00000188   Code   RO         2020    i.HAL_I2C_Init      stm32f1xx_hal_i2c.o
    0x080022ac   0x080022ac   0x0000005c   Code   RO          328    i.HAL_I2C_MspInit   i2c.o
    0x08002308   0x08002308   0x00000010   Code   RO         1049    i.HAL_IncTick       stm32f1xx_hal.o
    0x08002318   0x08002318   0x00000024   Code   RO         1050    i.HAL_Init          stm32f1xx_hal.o
    0x0800233c   0x0800233c   0x00000040   Code   RO         1051    i.HAL_InitTick      stm32f1xx_hal.o
    0x0800237c   0x0800237c   0x0000003c   Code   RO          738    i.HAL_MspInit       stm32f1xx_hal_msp.o
    0x080023b8   0x080023b8   0x0000001a   Code   RO         1509    i.HAL_NVIC_EnableIRQ  stm32f1xx_hal_cortex.o
    0x080023d2   0x080023d2   0x00000002   PAD
    0x080023d4   0x080023d4   0x00000040   Code   RO         1515    i.HAL_NVIC_SetPriority  stm32f1xx_hal_cortex.o
    0x08002414   0x08002414   0x00000024   Code   RO         1516    i.HAL_NVIC_SetPriorityGrouping  stm32f1xx_hal_cortex.o
    0x08002438   0x08002438   0x0000000c   Code   RO         1631    i.HAL_PWR_EnableBkUpAccess  stm32f1xx_hal_pwr.o
    0x08002444   0x08002444   0x000000b8   Code   RO         1310    i.HAL_RCCEx_GetPeriphCLKFreq  stm32f1xx_hal_rcc_ex.o
    0x080024fc   0x080024fc   0x000000ec   Code   RO         1311    i.HAL_RCCEx_PeriphCLKConfig  stm32f1xx_hal_rcc_ex.o
    0x080025e8   0x080025e8   0x0000012c   Code   RO         1207    i.HAL_RCC_ClockConfig  stm32f1xx_hal_rcc.o
    0x08002714   0x08002714   0x00000020   Code   RO         1214    i.HAL_RCC_GetPCLK1Freq  stm32f1xx_hal_rcc.o
    0x08002734   0x08002734   0x00000020   Code   RO         1215    i.HAL_RCC_GetPCLK2Freq  stm32f1xx_hal_rcc.o
    0x08002754   0x08002754   0x0000004c   Code   RO         1216    i.HAL_RCC_GetSysClockFreq  stm32f1xx_hal_rcc.o
    0x080027a0   0x080027a0   0x00000320   Code   RO         1219    i.HAL_RCC_OscConfig  stm32f1xx_hal_rcc.o
    0x08002ac0   0x08002ac0   0x00000094   Code   RO         2454    i.HAL_RTC_Init      stm32f1xx_hal_rtc.o
    0x08002b54   0x08002b54   0x00000034   Code   RO          370    i.HAL_RTC_MspInit   rtc.o
    0x08002b88   0x08002b88   0x0000003a   Code   RO         2462    i.HAL_RTC_WaitForSynchro  stm32f1xx_hal_rtc.o
    0x08002bc2   0x08002bc2   0x000000b2   Code   RO         2729    i.HAL_SPI_Init      stm32f1xx_hal_spi.o
    0x08002c74   0x08002c74   0x00000060   Code   RO          412    i.HAL_SPI_MspInit   spi.o
    0x08002cd4   0x08002cd4   0x0000016e   Code   RO         2737    i.HAL_SPI_Transmit  stm32f1xx_hal_spi.o
    0x08002e42   0x08002e42   0x00000028   Code   RO         1520    i.HAL_SYSTICK_Config  stm32f1xx_hal_cortex.o
    0x08002e6a   0x08002e6a   0x00000002   Code   RO         3746    i.HAL_TIMEx_BreakCallback  stm32f1xx_hal_tim_ex.o
    0x08002e6c   0x08002e6c   0x00000002   Code   RO         3747    i.HAL_TIMEx_CommutCallback  stm32f1xx_hal_tim_ex.o
    0x08002e6e   0x08002e6e   0x00000054   Code   RO         3749    i.HAL_TIMEx_ConfigBreakDeadTime  stm32f1xx_hal_tim_ex.o
    0x08002ec2   0x08002ec2   0x00000002   PAD
    0x08002ec4   0x08002ec4   0x0000007c   Code   RO         3765    i.HAL_TIMEx_MasterConfigSynchronization  stm32f1xx_hal_tim_ex.o
    0x08002f40   0x08002f40   0x0000005a   Code   RO         3042    i.HAL_TIM_Base_Init  stm32f1xx_hal_tim.o
    0x08002f9a   0x08002f9a   0x00000002   PAD
    0x08002f9c   0x08002f9c   0x000000a4   Code   RO          454    i.HAL_TIM_Base_MspInit  tim.o
    0x08003040   0x08003040   0x0000006c   Code   RO         3047    i.HAL_TIM_Base_Start_IT  stm32f1xx_hal_tim.o
    0x080030ac   0x080030ac   0x000000dc   Code   RO         3051    i.HAL_TIM_ConfigClockSource  stm32f1xx_hal_tim.o
    0x08003188   0x08003188   0x000000a4   Code   RO         3063    i.HAL_TIM_Encoder_Init  stm32f1xx_hal_tim.o
    0x0800322c   0x0800322c   0x0000010c   Code   RO          456    i.HAL_TIM_Encoder_MspInit  tim.o
    0x08003338   0x08003338   0x00000002   Code   RO         3076    i.HAL_TIM_IC_CaptureCallback  stm32f1xx_hal_tim.o
    0x0800333a   0x0800333a   0x00000166   Code   RO         3090    i.HAL_TIM_IRQHandler  stm32f1xx_hal_tim.o
    0x080034a0   0x080034a0   0x000000c0   Code   RO          457    i.HAL_TIM_MspPostInit  tim.o
    0x08003560   0x08003560   0x00000002   Code   RO         3093    i.HAL_TIM_OC_DelayElapsedCallback  stm32f1xx_hal_tim.o
    0x08003562   0x08003562   0x000000cc   Code   RO         3114    i.HAL_TIM_PWM_ConfigChannel  stm32f1xx_hal_tim.o
    0x0800362e   0x0800362e   0x0000005a   Code   RO         3117    i.HAL_TIM_PWM_Init  stm32f1xx_hal_tim.o
    0x08003688   0x08003688   0x00000002   Code   RO         3119    i.HAL_TIM_PWM_MspInit  stm32f1xx_hal_tim.o
    0x0800368a   0x0800368a   0x00000002   Code   RO         3120    i.HAL_TIM_PWM_PulseFinishedCallback  stm32f1xx_hal_tim.o
    0x0800368c   0x0800368c   0x000000b4   Code   RO         3122    i.HAL_TIM_PWM_Start  stm32f1xx_hal_tim.o
    0x08003740   0x08003740   0x0000010c   Code   RO          627    i.HAL_TIM_PeriodElapsedCallback  stm32f1xx_it.o
    0x0800384c   0x0800384c   0x00000002   Code   RO         3133    i.HAL_TIM_TriggerCallback  stm32f1xx_hal_tim.o
    0x0800384e   0x0800384e   0x0000004e   Code   RO         4023    i.HAL_UARTEx_ReceiveToIdle_DMA  stm32f1xx_hal_uart.o
    0x0800389c   0x0800389c   0x00000114   Code   RO           14    i.HAL_UARTEx_RxEventCallback  main.o
    0x080039b0   0x080039b0   0x00000002   Code   RO         4039    i.HAL_UART_ErrorCallback  stm32f1xx_hal_uart.o
    0x080039b2   0x080039b2   0x00000002   PAD
    0x080039b4   0x080039b4   0x0000026c   Code   RO         4042    i.HAL_UART_IRQHandler  stm32f1xx_hal_uart.o
    0x08003c20   0x08003c20   0x00000064   Code   RO         4043    i.HAL_UART_Init     stm32f1xx_hal_uart.o
    0x08003c84   0x08003c84   0x00000148   Code   RO          556    i.HAL_UART_MspInit  usart.o
    0x08003dcc   0x08003dcc   0x00000002   Code   RO         4049    i.HAL_UART_RxCpltCallback  stm32f1xx_hal_uart.o
    0x08003dce   0x08003dce   0x00000002   Code   RO         4050    i.HAL_UART_RxHalfCpltCallback  stm32f1xx_hal_uart.o
    0x08003dd0   0x08003dd0   0x00000032   Code   RO         4053    i.HAL_UART_Transmit_IT  stm32f1xx_hal_uart.o
    0x08003e02   0x08003e02   0x00000002   Code   RO         4054    i.HAL_UART_TxCpltCallback  stm32f1xx_hal_uart.o
    0x08003e04   0x08003e04   0x00000002   Code   RO          628    i.HardFault_Handler  stm32f1xx_it.o
    0x08003e06   0x08003e06   0x00000002   PAD
    0x08003e08   0x08003e08   0x0000005c   Code   RO         5261    i.I2C_Read_Ack      tcs34725.o
    0x08003e64   0x08003e64   0x0000007c   Code   RO         5262    i.I2C_Read_Byte     tcs34725.o
    0x08003ee0   0x08003ee0   0x00000060   Code   RO         5263    i.I2C_Send_Byte     tcs34725.o
    0x08003f40   0x08003f40   0x00000048   Code   RO         5264    i.I2C_Start         tcs34725.o
    0x08003f88   0x08003f88   0x0000004c   Code   RO         5265    i.I2C_Stop          tcs34725.o
    0x08003fd4   0x08003fd4   0x00000048   Code   RO         5266    i.I2C_Write_Ack     tcs34725.o
    0x0800401c   0x0800401c   0x00000048   Code   RO         4533    i.IIC_Ack           mpu6050.o
    0x08004064   0x08004064   0x0000000c   Code   RO         4535    i.IIC_Delay         mpu6050.o
    0x08004070   0x08004070   0x0000003c   Code   RO         4536    i.IIC_GPIO_Init     mpu6050.o
    0x080040ac   0x080040ac   0x00000038   Code   RO         4537    i.IIC_NAck          mpu6050.o
    0x080040e4   0x080040e4   0x00000064   Code   RO         4538    i.IIC_Read_Byte     mpu6050.o
    0x08004148   0x08004148   0x00000068   Code   RO         4539    i.IIC_Send_Byte     mpu6050.o
    0x080041b0   0x080041b0   0x00000044   Code   RO         4540    i.IIC_Start         mpu6050.o
    0x080041f4   0x080041f4   0x00000034   Code   RO         4541    i.IIC_Stop          mpu6050.o
    0x08004228   0x08004228   0x0000004c   Code   RO         4542    i.IIC_Wait_Ack      mpu6050.o
    0x08004274   0x08004274   0x00000258   Code   RO         5227    i.KF_X              kf.o
    0x080044cc   0x080044cc   0x00000260   Code   RO         5228    i.KF_Y              kf.o
    0x0800472c   0x0800472c   0x00000032   Code   RO         4543    i.MPU_Get_Accelerometer  mpu6050.o
    0x0800475e   0x0800475e   0x00000032   Code   RO         4544    i.MPU_Get_Gyroscope  mpu6050.o
    0x08004790   0x08004790   0x0000004c   Code   RO         4545    i.MPU_Get_Temperature  mpu6050.o
    0x080047dc   0x080047dc   0x00000076   Code   RO         4546    i.MPU_Init          mpu6050.o
    0x08004852   0x08004852   0x0000003a   Code   RO         4547    i.MPU_Read_Byte     mpu6050.o
    0x0800488c   0x0800488c   0x0000006c   Code   RO         4548    i.MPU_Read_Len      mpu6050.o
    0x080048f8   0x080048f8   0x0000000a   Code   RO         4549    i.MPU_Set_Accel_Fsr  mpu6050.o
    0x08004902   0x08004902   0x0000000a   Code   RO         4550    i.MPU_Set_Gyro_Fsr  mpu6050.o
    0x0800490c   0x0800490c   0x00000030   Code   RO         4551    i.MPU_Set_LPF       mpu6050.o
    0x0800493c   0x0800493c   0x0000002e   Code   RO         4552    i.MPU_Set_Rate      mpu6050.o
    0x0800496a   0x0800496a   0x0000003c   Code   RO         4553    i.MPU_Write_Byte    mpu6050.o
    0x080049a6   0x080049a6   0x00000052   Code   RO         4554    i.MPU_Write_Len     mpu6050.o
    0x080049f8   0x080049f8   0x0000003c   Code   RO          263    i.MX_CAN_Init       can.o
    0x08004a34   0x08004a34   0x0000003c   Code   RO          303    i.MX_DMA_Init       dma.o
    0x08004a70   0x08004a70   0x0000016c   Code   RO          237    i.MX_GPIO_Init      gpio.o
    0x08004bdc   0x08004bdc   0x00000040   Code   RO          329    i.MX_I2C1_Init      i2c.o
    0x08004c1c   0x08004c1c   0x00000030   Code   RO          371    i.MX_RTC_Init       rtc.o
    0x08004c4c   0x08004c4c   0x00000044   Code   RO          413    i.MX_SPI2_Init      spi.o
    0x08004c90   0x08004c90   0x0000011c   Code   RO          458    i.MX_TIM1_Init      tim.o
    0x08004dac   0x08004dac   0x0000006c   Code   RO          459    i.MX_TIM2_Init      tim.o
    0x08004e18   0x08004e18   0x0000006c   Code   RO          460    i.MX_TIM3_Init      tim.o
    0x08004e84   0x08004e84   0x0000006c   Code   RO          461    i.MX_TIM4_Init      tim.o
    0x08004ef0   0x08004ef0   0x000000c8   Code   RO          462    i.MX_TIM5_Init      tim.o
    0x08004fb8   0x08004fb8   0x00000044   Code   RO          463    i.MX_TIM6_Init      tim.o
    0x08004ffc   0x08004ffc   0x00000048   Code   RO          464    i.MX_TIM7_Init      tim.o
    0x08005044   0x08005044   0x000000fc   Code   RO          465    i.MX_TIM8_Init      tim.o
    0x08005140   0x08005140   0x00000038   Code   RO          557    i.MX_USART1_UART_Init  usart.o
    0x08005178   0x08005178   0x00000038   Code   RO          558    i.MX_USART2_UART_Init  usart.o
    0x080051b0   0x080051b0   0x00000002   Code   RO          629    i.MemManage_Handler  stm32f1xx_it.o
    0x080051b2   0x080051b2   0x00000002   Code   RO          630    i.NMI_Handler       stm32f1xx_it.o
    0x080051b4   0x080051b4   0x00000044   Code   RO         5423    i.PY_Delay_us       delayus.o
    0x080051f8   0x080051f8   0x00000028   Code   RO         5424    i.PY_Delay_us_t     delayus.o
    0x08005220   0x08005220   0x00000002   Code   RO          631    i.PendSV_Handler    stm32f1xx_it.o
    0x08005222   0x08005222   0x000000d0   Code   RO         5267    i.RGBtoHSL          tcs34725.o
    0x080052f2   0x080052f2   0x00000034   Code   RO         2466    i.RTC_EnterInitMode  stm32f1xx_hal_rtc.o
    0x08005326   0x08005326   0x00000002   PAD
    0x08005328   0x08005328   0x00000036   Code   RO         2467    i.RTC_ExitInitMode  stm32f1xx_hal_rtc.o
    0x0800535e   0x0800535e   0x00000020   Code   RO         2767    i.SPI_EndRxTxTransaction  stm32f1xx_hal_spi.o
    0x0800537e   0x0800537e   0x00000002   PAD
    0x08005380   0x08005380   0x000000b8   Code   RO         2772    i.SPI_WaitFlagStateUntilTimeout  stm32f1xx_hal_spi.o
    0x08005438   0x08005438   0x000000b0   Code   RO         4414    i.ST7735_DrawChar   st7735.o
    0x080054e8   0x080054e8   0x0000004a   Code   RO         4415    i.ST7735_DrawData   st7735.o
    0x08005532   0x08005532   0x00000002   PAD
    0x08005534   0x08005534   0x00000040   Code   RO         4416    i.ST7735_DrawFloat  st7735.o
    0x08005574   0x08005574   0x00000034   Code   RO         4418    i.ST7735_DrawInt    st7735.o
    0x080055a8   0x080055a8   0x00000060   Code   RO         4419    i.ST7735_DrawRectangle  st7735.o
    0x08005608   0x08005608   0x00000034   Code   RO         4420    i.ST7735_DrawString  st7735.o
    0x0800563c   0x0800563c   0x00000012   Code   RO         4421    i.ST7735_FillScreen  st7735.o
    0x0800564e   0x0800564e   0x00000220   Code   RO         4422    i.ST7735_Init       st7735.o
    0x0800586e   0x0800586e   0x00000002   PAD
    0x08005870   0x08005870   0x00000030   Code   RO         4423    i.ST7735_Reset      st7735.o
    0x080058a0   0x080058a0   0x0000003c   Code   RO         4424    i.ST7735_SetAddressWindow  st7735.o
    0x080058dc   0x080058dc   0x0000002e   Code   RO         4425    i.ST7735_SetRotation  st7735.o
    0x0800590a   0x0800590a   0x00000002   PAD
    0x0800590c   0x0800590c   0x0000003c   Code   RO         4426    i.ST7735_WriteByte  st7735.o
    0x08005948   0x08005948   0x00000040   Code   RO         4427    i.ST7735_WriteCommand  st7735.o
    0x08005988   0x08005988   0x00000044   Code   RO         4428    i.ST7735_WriteData  st7735.o
    0x080059cc   0x080059cc   0x00000002   Code   RO          632    i.SVC_Handler       stm32f1xx_it.o
    0x080059ce   0x080059ce   0x00000004   Code   RO          633    i.SysTick_Handler   stm32f1xx_it.o
    0x080059d2   0x080059d2   0x00000080   Code   RO           15    i.SystemClock_Config  main.o
    0x08005a52   0x08005a52   0x00000002   Code   RO         4377    i.SystemInit        system_stm32f1xx.o
    0x08005a54   0x08005a54   0x00000030   Code   RO         5268    i.TCS34725_GET_RGB  tcs34725.o
    0x08005a84   0x08005a84   0x00000040   Code   RO         5269    i.TCS34725_Init     tcs34725.o
    0x08005ac4   0x08005ac4   0x00000014   Code   RO         5271    i.TCS3472_AEN_Enable  tcs34725.o
    0x08005ad8   0x08005ad8   0x00000018   Code   RO         5274    i.TCS3472_ID_Verification  tcs34725.o
    0x08005af0   0x08005af0   0x00000014   Code   RO         5276    i.TCS3472_PON_Enable  tcs34725.o
    0x08005b04   0x08005b04   0x0000003e   Code   RO         5277    i.TCS3472_READ_1Byte  tcs34725.o
    0x08005b42   0x08005b42   0x00000048   Code   RO         5278    i.TCS3472_READ_2Byte  tcs34725.o
    0x08005b8a   0x08005b8a   0x00000034   Code   RO         5281    i.TCS3472_WRITE     tcs34725.o
    0x08005bbe   0x08005bbe   0x00000002   PAD
    0x08005bc0   0x08005bc0   0x0000000c   Code   RO          634    i.TIM6_IRQHandler   stm32f1xx_it.o
    0x08005bcc   0x08005bcc   0x0000008c   Code   RO         3135    i.TIM_Base_SetConfig  stm32f1xx_hal_tim.o
    0x08005c58   0x08005c58   0x0000001a   Code   RO         3136    i.TIM_CCxChannelCmd  stm32f1xx_hal_tim.o
    0x08005c72   0x08005c72   0x00000014   Code   RO         3146    i.TIM_ETR_SetConfig  stm32f1xx_hal_tim.o
    0x08005c86   0x08005c86   0x00000010   Code   RO         3147    i.TIM_ITRx_SetConfig  stm32f1xx_hal_tim.o
    0x08005c96   0x08005c96   0x00000002   PAD
    0x08005c98   0x08005c98   0x00000060   Code   RO         3148    i.TIM_OC1_SetConfig  stm32f1xx_hal_tim.o
    0x08005cf8   0x08005cf8   0x0000006c   Code   RO         3149    i.TIM_OC2_SetConfig  stm32f1xx_hal_tim.o
    0x08005d64   0x08005d64   0x00000068   Code   RO         3150    i.TIM_OC3_SetConfig  stm32f1xx_hal_tim.o
    0x08005dcc   0x08005dcc   0x00000050   Code   RO         3151    i.TIM_OC4_SetConfig  stm32f1xx_hal_tim.o
    0x08005e1c   0x08005e1c   0x00000022   Code   RO         3153    i.TIM_TI1_ConfigInputStage  stm32f1xx_hal_tim.o
    0x08005e3e   0x08005e3e   0x00000024   Code   RO         3155    i.TIM_TI2_ConfigInputStage  stm32f1xx_hal_tim.o
    0x08005e62   0x08005e62   0x00000010   Code   RO         4056    i.UART_DMAAbortOnError  stm32f1xx_hal_uart.o
    0x08005e72   0x08005e72   0x0000004a   Code   RO         4057    i.UART_DMAError     stm32f1xx_hal_uart.o
    0x08005ebc   0x08005ebc   0x00000086   Code   RO         4058    i.UART_DMAReceiveCplt  stm32f1xx_hal_uart.o
    0x08005f42   0x08005f42   0x0000001e   Code   RO         4060    i.UART_DMARxHalfCplt  stm32f1xx_hal_uart.o
    0x08005f60   0x08005f60   0x0000004e   Code   RO         4066    i.UART_EndRxTransfer  stm32f1xx_hal_uart.o
    0x08005fae   0x08005fae   0x0000001c   Code   RO         4067    i.UART_EndTxTransfer  stm32f1xx_hal_uart.o
    0x08005fca   0x08005fca   0x000000c2   Code   RO         4068    i.UART_Receive_IT   stm32f1xx_hal_uart.o
    0x0800608c   0x0800608c   0x000000b8   Code   RO         4069    i.UART_SetConfig    stm32f1xx_hal_uart.o
    0x08006144   0x08006144   0x00000090   Code   RO         4070    i.UART_Start_Receive_DMA  stm32f1xx_hal_uart.o
    0x080061d4   0x080061d4   0x0000000c   Code   RO          635    i.USART1_IRQHandler  stm32f1xx_it.o
    0x080061e0   0x080061e0   0x0000000c   Code   RO          636    i.USART2_IRQHandler  stm32f1xx_it.o
    0x080061ec   0x080061ec   0x00000002   Code   RO          637    i.UsageFault_Handler  stm32f1xx_it.o
    0x080061ee   0x080061ee   0x00000028   Code   RO         5690    i.__ARM_fpclassify  m_ws.l(fpclassify.o)
    0x08006216   0x08006216   0x00000020   Code   RO         1522    i.__NVIC_SetPriority  stm32f1xx_hal_cortex.o
    0x08006236   0x08006236   0x000000aa   Code   RO         5692    i.__kernel_poly     m_ws.l(poly.o)
    0x080062e0   0x080062e0   0x00000006   Code   RO         5677    i.__mathlib_dbl_infnan  m_ws.l(dunder.o)
    0x080062e6   0x080062e6   0x00000004   Code   RO         5678    i.__mathlib_dbl_infnan2  m_ws.l(dunder.o)
    0x080062ea   0x080062ea   0x00000002   PAD
    0x080062ec   0x080062ec   0x00000010   Code   RO         5682    i.__mathlib_dbl_underflow  m_ws.l(dunder.o)
    0x080062fc   0x080062fc   0x0000000e   Code   RO         5520    i._is_digit         c_w.l(__printf_wp.o)
    0x0800630a   0x0800630a   0x00000002   Code   RO          559    i._sys_exit         usart.o
    0x0800630c   0x0800630c   0x00000080   Code   RO         4683    i.accel_self_test   inv_mpu.o
    0x0800638c   0x0800638c   0x00000220   Code   RO         5667    i.atan              m_ws.l(atan.o)
    0x080065ac   0x080065ac   0x00000180   Code   RO         5615    i.atan2             m_ws.l(atan2.o)
    0x0800672c   0x0800672c   0x0000003a   Code   RO         5041    i.dmp_enable_6x_lp_quat  inv_mpu_dmp_motion_driver.o
    0x08006766   0x08006766   0x00000002   PAD
    0x08006768   0x08006768   0x000001d8   Code   RO         5042    i.dmp_enable_feature  inv_mpu_dmp_motion_driver.o
    0x08006940   0x08006940   0x0000003c   Code   RO         5043    i.dmp_enable_gyro_cal  inv_mpu_dmp_motion_driver.o
    0x0800697c   0x0800697c   0x0000003a   Code   RO         5044    i.dmp_enable_lp_quat  inv_mpu_dmp_motion_driver.o
    0x080069b6   0x080069b6   0x00000002   PAD
    0x080069b8   0x080069b8   0x00000014   Code   RO         5049    i.dmp_load_motion_driver_firmware  inv_mpu_dmp_motion_driver.o
    0x080069cc   0x080069cc   0x000000d8   Code   RO         5053    i.dmp_set_accel_bias  inv_mpu_dmp_motion_driver.o
    0x08006aa4   0x08006aa4   0x00000064   Code   RO         5054    i.dmp_set_fifo_rate  inv_mpu_dmp_motion_driver.o
    0x08006b08   0x08006b08   0x000000cc   Code   RO         5055    i.dmp_set_gyro_bias  inv_mpu_dmp_motion_driver.o
    0x08006bd4   0x08006bd4   0x0000010c   Code   RO         5057    i.dmp_set_orientation  inv_mpu_dmp_motion_driver.o
    0x08006ce0   0x08006ce0   0x00000030   Code   RO         5060    i.dmp_set_shake_reject_thresh  inv_mpu_dmp_motion_driver.o
    0x08006d10   0x08006d10   0x00000020   Code   RO         5061    i.dmp_set_shake_reject_time  inv_mpu_dmp_motion_driver.o
    0x08006d30   0x08006d30   0x00000020   Code   RO         5062    i.dmp_set_shake_reject_timeout  inv_mpu_dmp_motion_driver.o
    0x08006d50   0x08006d50   0x00000040   Code   RO         5063    i.dmp_set_tap_axes  inv_mpu_dmp_motion_driver.o
    0x08006d90   0x08006d90   0x00000022   Code   RO         5064    i.dmp_set_tap_count  inv_mpu_dmp_motion_driver.o
    0x08006db2   0x08006db2   0x00000002   PAD
    0x08006db4   0x08006db4   0x00000128   Code   RO         5065    i.dmp_set_tap_thresh  inv_mpu_dmp_motion_driver.o
    0x08006edc   0x08006edc   0x00000020   Code   RO         5066    i.dmp_set_tap_time  inv_mpu_dmp_motion_driver.o
    0x08006efc   0x08006efc   0x00000020   Code   RO         5067    i.dmp_set_tap_time_multi  inv_mpu_dmp_motion_driver.o
    0x08006f1c   0x08006f1c   0x00000018   Code   RO          560    i.fputc             usart.o
    0x08006f34   0x08006f34   0x000000ac   Code   RO         4684    i.get_accel_prod_shift  inv_mpu.o
    0x08006fe0   0x08006fe0   0x00000314   Code   RO         4685    i.get_st_biases     inv_mpu.o
    0x080072f4   0x080072f4   0x000000d4   Code   RO         4686    i.gyro_self_test    inv_mpu.o
    0x080073c8   0x080073c8   0x00000022   Code   RO         4687    i.inv_orientation_matrix_to_scalar  inv_mpu.o
    0x080073ea   0x080073ea   0x00000048   Code   RO         4688    i.inv_row_2_scale   inv_mpu.o
    0x08007432   0x08007432   0x00000002   PAD
    0x08007434   0x08007434   0x000001cc   Code   RO           16    i.main              main.o
    0x08007600   0x08007600   0x00000188   Code   RO         5282    i.mapRGBCtoColor    tcs34725.o
    0x08007788   0x08007788   0x00000054   Code   RO         4690    i.mpu_configure_fifo  inv_mpu.o
    0x080077dc   0x080077dc   0x000000a4   Code   RO         4692    i.mpu_dmp_init      inv_mpu.o
    0x08007880   0x08007880   0x0000003c   Code   RO         4693    i.mpu_get_accel_fsr  inv_mpu.o
    0x080078bc   0x080078bc   0x00000044   Code   RO         4695    i.mpu_get_accel_sens  inv_mpu.o
    0x08007900   0x08007900   0x00000034   Code   RO         4701    i.mpu_get_gyro_fsr  inv_mpu.o
    0x08007934   0x08007934   0x00000040   Code   RO         4703    i.mpu_get_gyro_sens  inv_mpu.o
    0x08007974   0x08007974   0x00000038   Code   RO         4705    i.mpu_get_lpf       inv_mpu.o
    0x080079ac   0x080079ac   0x0000001c   Code   RO         4707    i.mpu_get_sample_rate  inv_mpu.o
    0x080079c8   0x080079c8   0x00000188   Code   RO         4709    i.mpu_init          inv_mpu.o
    0x08007b50   0x08007b50   0x000000a0   Code   RO         4710    i.mpu_load_firmware  inv_mpu.o
    0x08007bf0   0x08007bf0   0x000000b8   Code   RO         4711    i.mpu_lp_accel_mode  inv_mpu.o
    0x08007ca8   0x08007ca8   0x00000054   Code   RO         4715    i.mpu_read_mem      inv_mpu.o
    0x08007cfc   0x08007cfc   0x00000160   Code   RO         4718    i.mpu_reset_fifo    inv_mpu.o
    0x08007e5c   0x08007e5c   0x000000f0   Code   RO         4719    i.mpu_run_self_test  inv_mpu.o
    0x08007f4c   0x08007f4c   0x00000068   Code   RO         4721    i.mpu_set_accel_fsr  inv_mpu.o
    0x08007fb4   0x08007fb4   0x000000dc   Code   RO         4722    i.mpu_set_bypass    inv_mpu.o
    0x08008090   0x08008090   0x00000078   Code   RO         4724    i.mpu_set_dmp_state  inv_mpu.o
    0x08008108   0x08008108   0x0000006c   Code   RO         4725    i.mpu_set_gyro_fsr  inv_mpu.o
    0x08008174   0x08008174   0x00000064   Code   RO         4726    i.mpu_set_int_latched  inv_mpu.o
    0x080081d8   0x080081d8   0x0000006c   Code   RO         4728    i.mpu_set_lpf       inv_mpu.o
    0x08008244   0x08008244   0x00000080   Code   RO         4729    i.mpu_set_sample_rate  inv_mpu.o
    0x080082c4   0x080082c4   0x000000b8   Code   RO         4730    i.mpu_set_sensors   inv_mpu.o
    0x0800837c   0x0800837c   0x00000054   Code   RO         4731    i.mpu_write_mem     inv_mpu.o
    0x080083d0   0x080083d0   0x00000094   Code   RO         5229    i.mul               kf.o
    0x08008464   0x08008464   0x00000080   Code   RO         4732    i.run_self_test     inv_mpu.o
    0x080084e4   0x080084e4   0x00000058   Code   RO         4733    i.set_int_enable    inv_mpu.o
    0x0800853c   0x0800853c   0x0000002c   Code   RO         5770    locale$$code        c_w.l(lc_numeric_c.o)
    0x08008568   0x08008568   0x0000002c   Code   RO         5793    locale$$code        c_w.l(lc_ctype_c.o)
    0x08008594   0x08008594   0x00000062   Code   RO         5552    x$fpl$d2f           fz_ws.l(d2f.o)
    0x080085f6   0x080085f6   0x00000002   PAD
    0x080085f8   0x080085f8   0x00000150   Code   RO         5554    x$fpl$dadd          fz_ws.l(daddsub_clz.o)
    0x08008748   0x08008748   0x00000010   Code   RO         5776    x$fpl$dcheck1       fz_ws.l(dcheck1.o)
    0x08008758   0x08008758   0x000002b0   Code   RO         5561    x$fpl$ddiv          fz_ws.l(ddiv.o)
    0x08008a08   0x08008a08   0x0000002e   Code   RO         5565    x$fpl$dflt          fz_ws.l(dflt_clz.o)
    0x08008a36   0x08008a36   0x00000002   PAD
    0x08008a38   0x08008a38   0x00000154   Code   RO         5570    x$fpl$dmul          fz_ws.l(dmul.o)
    0x08008b8c   0x08008b8c   0x0000009c   Code   RO         5653    x$fpl$dnaninf       fz_ws.l(dnaninf.o)
    0x08008c28   0x08008c28   0x0000000c   Code   RO         5655    x$fpl$dretinf       fz_ws.l(dretinf.o)
    0x08008c34   0x08008c34   0x00000016   Code   RO         5555    x$fpl$drsb          fz_ws.l(daddsub_clz.o)
    0x08008c4a   0x08008c4a   0x00000002   PAD
    0x08008c4c   0x08008c4c   0x000001d4   Code   RO         5556    x$fpl$dsub          fz_ws.l(daddsub_clz.o)
    0x08008e20   0x08008e20   0x00000056   Code   RO         5572    x$fpl$f2d           fz_ws.l(f2d.o)
    0x08008e76   0x08008e76   0x00000002   PAD
    0x08008e78   0x08008e78   0x000000c4   Code   RO         5574    x$fpl$fadd          fz_ws.l(faddsub_clz.o)
    0x08008f3c   0x08008f3c   0x0000000c   Code   RO         5657    x$fpl$fcheck1       fz_ws.l(fcheck1.o)
    0x08008f48   0x08008f48   0x00000184   Code   RO         5581    x$fpl$fdiv          fz_ws.l(fdiv.o)
    0x080090cc   0x080090cc   0x00000036   Code   RO         5584    x$fpl$ffix          fz_ws.l(ffix.o)
    0x08009102   0x08009102   0x00000002   PAD
    0x08009104   0x08009104   0x0000003e   Code   RO         5588    x$fpl$ffixu         fz_ws.l(ffixu.o)
    0x08009142   0x08009142   0x00000002   PAD
    0x08009144   0x08009144   0x00000030   Code   RO         5593    x$fpl$fflt          fz_ws.l(fflt_clz.o)
    0x08009174   0x08009174   0x00000026   Code   RO         5592    x$fpl$ffltu         fz_ws.l(fflt_clz.o)
    0x0800919a   0x0800919a   0x00000002   PAD
    0x0800919c   0x0800919c   0x00000102   Code   RO         5598    x$fpl$fmul          fz_ws.l(fmul.o)
    0x0800929e   0x0800929e   0x0000008c   Code   RO         5659    x$fpl$fnaninf       fz_ws.l(fnaninf.o)
    0x0800932a   0x0800932a   0x0000000a   Code   RO         5661    x$fpl$fretinf       fz_ws.l(fretinf.o)
    0x08009334   0x08009334   0x000000ea   Code   RO         5576    x$fpl$fsub          fz_ws.l(faddsub_clz.o)
    0x0800941e   0x0800941e   0x00000004   Code   RO         5600    x$fpl$printf1       fz_ws.l(printf1.o)
    0x08009422   0x08009422   0x00000064   Code   RO         5784    x$fpl$retnan        fz_ws.l(retnan.o)
    0x08009486   0x08009486   0x0000005c   Code   RO         5663    x$fpl$scalbn        fz_ws.l(scalbn.o)
    0x080094e2   0x080094e2   0x0000004c   Code   RO         5602    x$fpl$scalbnf       fz_ws.l(scalbnf.o)
    0x0800952e   0x0800952e   0x00000030   Code   RO         5850    x$fpl$trapveneer    fz_ws.l(trapv.o)
    0x0800955e   0x0800955e   0x00000000   Code   RO         5665    x$fpl$usenofp       fz_ws.l(usenofp.o)
    0x0800955e   0x0800955e   0x00000012   Data   RO         1220    .constdata          stm32f1xx_hal_rcc.o
    0x08009570   0x08009570   0x00000012   Data   RO         1312    .constdata          stm32f1xx_hal_rcc_ex.o
    0x08009582   0x08009582   0x00000010   Data   RO         4378    .constdata          system_stm32f1xx.o
    0x08009592   0x08009592   0x00000008   Data   RO         4379    .constdata          system_stm32f1xx.o
    0x0800959a   0x0800959a   0x00000002   PAD
    0x0800959c   0x0800959c   0x00000ed8   Data   RO         4430    .constdata          st7735.o
    0x0800a474   0x0800a474   0x00000004   Data   RO         4432    .constdata          st7735.o
    0x0800a478   0x0800a478   0x00000008   Data   RO         4433    .constdata          st7735.o
    0x0800a480   0x0800a480   0x00000008   Data   RO         4435    .constdata          st7735.o
    0x0800a488   0x0800a488   0x0000001b   Data   RO         4735    .constdata          inv_mpu.o
    0x0800a4a3   0x0800a4a3   0x00000001   PAD
    0x0800a4a4   0x0800a4a4   0x0000000c   Data   RO         4736    .constdata          inv_mpu.o
    0x0800a4b0   0x0800a4b0   0x00000028   Data   RO         4737    .constdata          inv_mpu.o
    0x0800a4d8   0x0800a4d8   0x00000bf6   Data   RO         5069    .constdata          inv_mpu_dmp_motion_driver.o
    0x0800b0ce   0x0800b0ce   0x00000002   PAD
    0x0800b0d0   0x0800b0d0   0x000000b8   Data   RO         5231    .constdata          kf.o
    0x0800b188   0x0800b188   0x00000011   Data   RO         5523    .constdata          c_w.l(__printf_flags_wp.o)
    0x0800b199   0x0800b199   0x00000007   PAD
    0x0800b1a0   0x0800b1a0   0x00000098   Data   RO         5668    .constdata          m_ws.l(atan.o)
    0x0800b238   0x0800b238   0x00000008   Data   RO         5694    .constdata          m_ws.l(qnan.o)
    0x0800b240   0x0800b240   0x00000094   Data   RO         5741    .constdata          c_w.l(bigflt0.o)
    0x0800b2d4   0x0800b2d4   0x0000004d   Data   RO         4738    .conststring        inv_mpu.o
    0x0800b321   0x0800b321   0x00000003   PAD
    0x0800b324   0x0800b324   0x00000020   Data   RO         5931    Region$$Table       anon$$obj.o
    0x0800b344   0x0800b344   0x0000001c   Data   RO         5769    locale$$data        c_w.l(lc_numeric_c.o)
    0x0800b360   0x0800b360   0x00000110   Data   RO         5792    locale$$data        c_w.l(lc_ctype_c.o)


    Execution Region RW_IRAM1 (Exec base: 0x20000000, Load base: 0x0800b470, Size: 0x00000d10, Max: 0x00010000, ABSOLUTE)

    Exec Addr    Load Addr    Size         Type   Attr      Idx    E Section Name        Object

    0x20000000   0x0800b470   0x00000024   Data   RW           18    .data               main.o
    0x20000024   0x0800b494   0x00000002   Data   RW           22    .data               main.o
    0x20000026   0x0800b496   0x00000002   Data   RW           23    .data               main.o
    0x20000028   0x0800b498   0x00000002   Data   RW           24    .data               main.o
    0x2000002a   0x0800b49a   0x00000002   Data   RW           25    .data               main.o
    0x2000002c   0x0800b49c   0x00000002   Data   RW           26    .data               main.o
    0x2000002e   0x0800b49e   0x00000002   Data   RW           27    .data               main.o
    0x20000030   0x0800b4a0   0x00000004   Data   RW           28    .data               main.o
    0x20000034   0x0800b4a4   0x00000004   Data   RW          562    .data               usart.o
    0x20000038   0x0800b4a8   0x0000000e   Data   RW          638    .data               stm32f1xx_it.o
    0x20000046   0x0800b4b6   0x00000002   PAD
    0x20000048   0x0800b4b8   0x0000000c   Data   RW         1057    .data               stm32f1xx_hal.o
    0x20000054   0x0800b4c4   0x00000004   Data   RW         4380    .data               system_stm32f1xx.o
    0x20000058   0x0800b4c8   0x00000035   Data   RW         4739    .data               inv_mpu.o
    0x2000008d   0x0800b4fd   0x00000003   PAD
    0x20000090   0x0800b500   0x00000050   Data   RW         5232    .data               kf.o
    0x200000e0   0x0800b550   0x00000001   Data   RW         5283    .data               tcs34725.o
    0x200000e1   0x0800b551   0x00000003   PAD
    0x200000e4   0x0800b554   0x00000004   Data   RW         5427    .data               delayus.o
    0x200000e8   0x0800b558   0x00000004   Data   RW         5538    .data               c_w.l(strtok.o)
    0x200000ec        -       0x00000032   Zero   RW           17    .bss                main.o
    0x2000011e   0x0800b55c   0x00000002   PAD
    0x20000120        -       0x00000028   Zero   RW          264    .bss                can.o
    0x20000148        -       0x00000054   Zero   RW          330    .bss                i2c.o
    0x2000019c        -       0x00000014   Zero   RW          372    .bss                rtc.o
    0x200001b0        -       0x00000058   Zero   RW          414    .bss                spi.o
    0x20000208        -       0x00000240   Zero   RW          466    .bss                tim.o
    0x20000448        -       0x00000118   Zero   RW          561    .bss                usart.o
    0x20000560        -       0x00000120   Zero   RW         4429    .bss                st7735.o
    0x20000680        -       0x00000010   Zero   RW         5068    .bss                inv_mpu_dmp_motion_driver.o
    0x20000690        -       0x00000020   Zero   RW         5230    .bss                kf.o
    0x200006b0        -       0x00000060   Zero   RW         5704    .bss                c_w.l(libspace.o)
    0x20000710        -       0x00000200   Zero   RW            2    HEAP                startup_stm32f103xe.o
    0x20000910        -       0x00000400   Zero   RW            1    STACK               startup_stm32f103xe.o


==============================================================================

Image component sizes


      Code (inc. data)   RO Data    RW Data    ZI Data      Debug   Object Name

       188         26          0          0         40       1703   can.o
       108         10          0          4          0       1572   delayus.o
        60          4          0          0          0        778   dma.o
       364         30          0          0          0       1095   gpio.o
       156         26          0          0         84       1649   i2c.o
      4766        282        156         53          0      27232   inv_mpu.o
      2026        114       3062          0         16      17762   inv_mpu_dmp_motion_driver.o
      1356         52        184         80         32       3836   kf.o
       868        140          0         52         50     522960   main.o
      1316         60          0          0          0      12580   mpu6050.o
       100         22          0          0         20       1535   rtc.o
       164         22          0          0         88       1657   spi.o
      1422         60       3820          0        288      11076   st7735.o
        64         26        304          0       1536        816   startup_stm32f103xe.o
       164         28          0         12          0       6561   stm32f1xx_hal.o
       282          0          0          0          0       1363   stm32f1xx_hal_can.o
       198         14          0          0          0      28971   stm32f1xx_hal_cortex.o
      1236         52          0          0          0       5162   stm32f1xx_hal_dma.o
       524         42          0          0          0       3551   stm32f1xx_hal_gpio.o
       392         16          0          0          0       3219   stm32f1xx_hal_i2c.o
        60          8          0          0          0        882   stm32f1xx_hal_msp.o
        12          4          0          0          0        519   stm32f1xx_hal_pwr.o
      1240         84         18          0          0       5152   stm32f1xx_hal_rcc.o
       420         30         18          0          0       2537   stm32f1xx_hal_rcc_ex.o
       312          4          0          0          0       3740   stm32f1xx_hal_rtc.o
       760          4          0          0          0       4410   stm32f1xx_hal_spi.o
      2084         96          0          0          0      17193   stm32f1xx_hal_tim.o
       212         20          0          0          0       3217   stm32f1xx_hal_tim_ex.o
      1738         24          0          0          0      12992   stm32f1xx_hal_uart.o
       348         98          0         14          0       7936   stm32f1xx_it.o
         2          0         24          4          0       1131   system_stm32f1xx.o
      1494        256          0          1          0      12651   tcs34725.o
      1824        158          0          0        576       8301   tim.o
       466         56          0          4        280       5421   usart.o

    ----------------------------------------------------------------------
     26762       1868       7626        232       3012     741160   Object Totals
         0          0         32          0          0          0   (incl. Generated)
        36          0          8          8          2          0   (incl. Padding)

    ----------------------------------------------------------------------

      Code (inc. data)   RO Data    RW Data    ZI Data      Debug   Library Member Name

         8          0          0          0          0         68   __main.o
       312          4         17          0          0         92   __printf_flags_wp.o
        14          0          0          0          0         68   __printf_wp.o
         0          0          0          0          0          0   __rtentry.o
        12          0          0          0          0          0   __rtentry2.o
         6          0          0          0          0          0   __rtentry4.o
        52          8          0          0          0          0   __scatter.o
        26          0          0          0          0          0   __scatter_copy.o
        28          0          0          0          0          0   __scatter_zi.o
        28          0          0          0          0         68   _chval.o
        44          0          0          0          0        108   _printf_char.o
        48          6          0          0          0         96   _printf_char_common.o
        36          4          0          0          0         80   _printf_char_file.o
         6          0          0          0          0          0   _printf_d.o
       120         16          0          0          0         92   _printf_dec.o
         6          0          0          0          0          0   _printf_f.o
      1050          0          0          0          0        216   _printf_fp_dec.o
       128         16          0          0          0         84   _printf_fp_infnan.o
       178          0          0          0          0         88   _printf_intcommon.o
         0          0          0          0          0          0   _printf_percent.o
         4          0          0          0          0          0   _printf_percent_end.o
         6          0          0          0          0          0   _printf_s.o
        82          0          0          0          0         80   _printf_str.o
        10          0          0          0          0         68   _sputc.o
       158          0          0          0          0         92   _strtoul.o
        16          0          0          0          0         68   aeabi_memset.o
        26          0          0          0          0         80   atoi.o
       220          4        148          0          0         96   bigflt0.o
      1910        128          0          0          0        672   btod.o
        18          0          0          0          0         80   exit.o
         8          0          0          0          0         68   ferror.o
         6          0          0          0          0        152   heapauxi.o
        44         10        272          0          0         76   lc_ctype_c.o
        44         10         28          0          0         76   lc_numeric_c.o
         2          0          0          0          0          0   libinit.o
        30          0          0          0          0          0   libinit2.o
         2          0          0          0          0          0   libshutdown.o
         2          0          0          0          0          0   libshutdown2.o
         8          4          0          0         96         68   libspace.o
        72          0          0          0          0         76   llsdiv.o
       138          0          0          0          0         80   lludiv10.o
       238          0          0          0          0        100   lludivv7m.o
        88          0          0          0          0         76   memcmp.o
        24          4          0          0          0         84   noretval__2printf.o
        40          6          0          0          0         84   noretval__2sprintf.o
        16          4          0          0          0         76   rt_ctype_table.o
         8          4          0          0          0         68   rt_errno_addr_intlibspace.o
         8          4          0          0          0         68   rt_locale_intlibspace.o
        68          0          0          0          0         68   rt_memclr.o
        78          0          0          0          0         80   rt_memclr_w.o
         2          0          0          0          0          0   rtexit.o
        10          0          0          0          0          0   rtexit2.o
       128          0          0          0          0         68   strcmpv7m.o
        32          0          0          0          0         80   strcspn.o
        28          0          0          0          0         80   strspn.o
        12          6          0          4          0         68   strtok.o
        68          4          0          0          0         84   strtok_int.o
       112          0          0          0          0         88   strtol.o
        74          0          0          0          0         80   sys_stackheap_outer.o
         2          0          0          0          0         68   use_no_semi.o
         2          0          0          0          0         68   use_no_semi_2.o
        98          4          0          0          0         92   d2f.o
       826         16          0          0          0        348   daddsub_clz.o
        16          4          0          0          0         68   dcheck1.o
       688        140          0          0          0        208   ddiv.o
        46          0          0          0          0         68   dflt_clz.o
       340         12          0          0          0        104   dmul.o
       156          4          0          0          0         92   dnaninf.o
        12          0          0          0          0         68   dretinf.o
        86          4          0          0          0         84   f2d.o
       430          8          0          0          0        168   faddsub_clz.o
        12          4          0          0          0         68   fcheck1.o
       388         76          0          0          0         96   fdiv.o
        54          4          0          0          0         84   ffix.o
        62          4          0          0          0         84   ffixu.o
        86          0          0          0          0        136   fflt_clz.o
       258          4          0          0          0         84   fmul.o
       140          4          0          0          0         84   fnaninf.o
        10          0          0          0          0         68   fretinf.o
         4          0          0          0          0         68   printf1.o
       100          0          0          0          0         68   retnan.o
        92          0          0          0          0         68   scalbn.o
        76          0          0          0          0         68   scalbnf.o
        48          0          0          0          0         68   trapv.o
         0          0          0          0          0          0   usenofp.o
       544         70        152          0          0        124   atan.o
       384         38          0          0          0        144   atan2.o
        26          6          0          0          0        204   dunder.o
        40          0          0          0          0         68   fpclassify.o
       170          0          0          0          0         96   poly.o
         0          0          8          0          0          0   qnan.o

    ----------------------------------------------------------------------
     11172        644        632          4         96       7260   Library Totals
        34          0          7          0          0          0   (incl. Padding)

    ----------------------------------------------------------------------

      Code (inc. data)   RO Data    RW Data    ZI Data      Debug   Library Name

      5946        242        465          4         96       4280   c_w.l
      4028        288          0          0          0       2344   fz_ws.l
      1164        114        160          0          0        636   m_ws.l

    ----------------------------------------------------------------------
     11172        644        632          4         96       7260   Library Totals

    ----------------------------------------------------------------------

==============================================================================


      Code (inc. data)   RO Data    RW Data    ZI Data      Debug   

     37934       2512       8258        236       3108     732400   Grand Totals
     37934       2512       8258        236       3108     732400   ELF Image Totals
     37934       2512       8258        236          0          0   ROM Totals

==============================================================================

    Total RO  Size (Code + RO Data)                46192 (  45.11kB)
    Total RW  Size (RW Data + ZI Data)              3344 (   3.27kB)
    Total ROM Size (Code + RO Data + RW Data)      46428 (  45.34kB)

==============================================================================

